// Jest Snapshot v1, https://goo.gl/fbAQLP

exports[`renders correctly DESKTOP 1`] = `
<div
  className="HeaderGame-root-1"
>
  <div
    className="HeaderGame-gameUserBlock-2"
  >
    <p
      className="HeaderGame-gameUserHello-3"
    >
      Hello, Ben A 
      <br />
      <span
        className="HeaderGame-gameUserVerification-5"
      >
        KYC VERIFICATED
      </span>
    </p>
    <div
      className="HeaderGame-gameUserPhoto-7"
    >
      <img
        alt=""
        src="user.png"
      />
    </div>
    <p
      className="HeaderGame-gameUserBallance-4"
    >
      764.23 DCB 
      <br />
      <span
        className="HeaderGame-gameUserBallDescr-6"
      >
        YOUR BALANCE
      </span>
    </p>
  </div>
</div>
`;
