// Jest Snapshot v1, https://goo.gl/fbAQLP

exports[`renders correctly 1`] = `
<div
  className="Wallet-root-1"
>
  <div
    className="Wallet-wallet-2"
  >
    <div
      className="Wallet-walletTitle-3"
    >
      <p>
        My dcb wallet:
      </p>
    </div>
    <div
      className="Wallet-walletAddress-4"
    />
    <div
      className="MuiInputBase-root-32 MuiInput-root-19 MuiInput-underline-23 Wallet-selectCurency-5"
      onClick={[Function]}
    >
      <div
        className="MuiSelect-root-12"
      >
        <div
          aria-haspopup="true"
          aria-pressed="false"
          className="Wallet-selectField-7"
          onBlur={[Function]}
          onClick={[Function]}
          onFocus={[Function]}
          onKeyDown={[Function]}
          role="button"
          tabIndex={0}
        >
          <div
            className="Wallet-curency-9"
          >
            USD
          </div>
          999918.59999899
        </div>
        <input
          id="curencyDropdownWallet"
          name="curency"
          type="hidden"
          value="USD"
        />
        <i
          className="Wallet-curencyIcon-8"
        />
      </div>
    </div>
    <ul
      className="Wallet-walletNav-10"
    >
      <li>
        <a
          className="Wallet-walletNavItem-11"
          href="/"
        >
          Send Money
        </a>
      </li>
      <li>
        <a
          className="Wallet-walletNavItem-11"
          href="/"
        >
          Tranfer Money
        </a>
      </li>
      <li>
        <a
          className="Wallet-walletNavItem-11"
          href="/"
        >
          Invoice
        </a>
      </li>
      <li>
        <a
          className="Wallet-walletNavItem-11"
          href="/"
        >
          Cashout
        </a>
      </li>
    </ul>
  </div>
  <div
    className="Action-root-53"
  >
    <div
      className="Action-actionsStatistics-54"
    >
      <span
        className="Action-statisticsTitle-56"
      >
        Statistics
      </span>
      <div>
        <canvas
          height="90"
          id="cvs"
          width="200"
        >
          [No canvas support]
        </canvas>
      </div>
    </div>
    <div
      className="Action-actionsSend-57"
    >
      <form
        className="Action-form-55"
        onSubmit={[Function]}
      >
        <span
          className="Action-sendTitle-58"
        >
          Send now
        </span>
        <div
          className="Action-sendAddress-59"
        >
          <input
            className="Action-sendAddressField-60"
            onBlur={[Function]}
            onChange={[Function]}
            onDragStart={[Function]}
            onDrop={[Function]}
            onFocus={[Function]}
            placeholder="Put address you want to send the money"
            type="text"
            value=""
          />
        </div>
        <div>
          <input
            className="Action-sendAmmountField-61"
            onBlur={[Function]}
            onChange={[Function]}
            onDragStart={[Function]}
            onDrop={[Function]}
            onFocus={[Function]}
            placeholder="Set ammount"
            type="text"
            value=""
          />
        </div>
        <button
          className="Action-sendBtn-63"
          type="submit"
        >
          Send money
        </button>
      </form>
    </div>
    <div
      className="Action-actionsInvoice-65"
    >
      <span
        className="Action-invoiceTitle-66"
      >
        Invoice
      </span>
      <div>
        <input
          className="Action-invoiceAmmountField-62"
          placeholder="Set ammount you need to receive"
          type="text"
        />
      </div>
      <a
        className="Action-invoiceBtn-64"
        href="/"
      >
        Generate link
      </a>
    </div>
  </div>
</div>
`;
