// Jest Snapshot v1, https://goo.gl/fbAQLP

exports[`renders correctly 1`] = `
<div
  className="RollTop-root-1"
>
  <div
    className="RollTop-gameRollImg-2"
  >
    <img
      alt=""
      src="slider_slot_4clover_m.jpg"
    />
  </div>
  <div
    className="RollTop-gameRollInf-3"
  >
    <div
      className="RollTop-gameUser-4"
    >
      <div
        className="RollTop-gameUserBlock-5"
      >
        <p
          className="RollTop-gameUserHello-6"
        >
           Hello, Ben A 
          <br />
          <span
            className="RollTop-gameUserVerification-8"
          >
            KYC VERIFICATED
          </span>
        </p>
        <div
          className="RollTop-gameUserPhoto-10"
        >
          <img
            alt=""
            src="user.png"
          />
        </div>
        <p
          className="RollTop-gameUserBallance-7"
        >
           764.23 DCB 
          <br />
          <span
            className="RollTop-gameUserBallDescr-9"
          >
            YOUR BALANCE
          </span>
        </p>
      </div>
    </div>
    <div
      className="RollTop-gameRollNext-11"
    >
      <p>
        next roll in: 
        <span
          className="RollTop-gameRollNextCounter-12"
        >
          00:00:23.12
        </span>
      </p>
    </div>
    <div
      className="RollTop-gameRollDescr-13"
    >
      <div
        className="RollTop-gameRollDescrleft-14"
      >
        <div
          className="RollTop-gameRollTitleBlock-15"
        >
          <p
            className="RollTop-gameRollTitle-16"
          >
            4Clover
          </p>
          <span
            className="RollTop-gameRollOnline-17"
          >
            online: 234
          </span>
          <br />
          <span
            className="RollTop-gameRollCompany-18"
          >
            by Fall Inc.
          </span>
        </div>
        <div
          className="RollTop-gameRollText-19"
        >
          <p>
            Integer tempor semper sapien sit amet bibendum. Etiam ornare teInteger tempor semper sapien sit amet bibendum. Etiam ornare te et bibendum. Etiam ornare te
          </p>
        </div>
        <div
          className="RollTop-gameRollTags-20"
        >
          <p>
            #ROLLED #BESTCRYPTO #ETH 
          </p>
        </div>
      </div>
      <div
        className="RollTop-gameRollRating-21"
      >
        <p
          className="RollTop-ratingValue-22"
        >
          <span
            className="RollTop-ratingValueNum-23"
          >
            6.5
          </span>
          <span
            className="RollTop-ratingValueFull-24"
          >
            /7
          </span>
        </p>
        <div
          className="RollTop-ratingStars-25"
        >
          <div
            className="RollTop-fullStars-26"
          />
          <div
            className="RollTop-halfStars-27"
          />
        </div>
        <span
          className="RollTop-ratingCategory-28"
        >
          DICE CATEGORY
        </span>
      </div>
    </div>
  </div>
</div>
`;
