// Jest Snapshot v1, https://goo.gl/fbAQLP

exports[`renders correctly 1`] = `
<main>
  <div
    className="Dashboard-root-1"
  >
    <div
      className="Wallet-root-2"
    >
      <div
        className="Wallet-wallet-3"
      >
        <div
          className="Wallet-walletTitle-4"
        >
          <p>
            My dcb wallet:
          </p>
        </div>
        <div
          className="Wallet-walletSum-5"
        >
          <a
            href="/"
          />
        </div>
        <ul
          className="Wallet-walletNav-6"
        >
          <li>
            <a
              className="Wallet-walletNavItem-7"
              href="/"
            >
              Send Money
            </a>
          </li>
          <li>
            <a
              className="Wallet-walletNavItem-7"
              href="/"
            >
              Tranfer Money
            </a>
          </li>
          <li>
            <a
              className="Wallet-walletNavItem-7"
              href="/"
            >
              Invoice
            </a>
          </li>
          <li>
            <a
              className="Wallet-walletNavItem-7"
              href="/"
            >
              Cashout
            </a>
          </li>
        </ul>
      </div>
      <div
        className="Action-root-8"
      >
        <div
          className="Action-actionsStatistics-9"
        >
          <span
            className="Action-statisticsTitle-11"
          >
            Statistics
          </span>
          <div>
            <canvas
              height="90"
              id="cvs"
              width="200"
            >
              [No canvas support]
            </canvas>
          </div>
        </div>
        <div
          className="Action-actionsSend-12"
        >
          <form
            className="Action-form-10"
            onSubmit={[Function]}
          >
            <span
              className="Action-sendTitle-13"
            >
              Send now
            </span>
            <div
              className="Action-sendAddress-14"
            >
              <input
                className="Action-sendAddressField-15"
                onBlur={[Function]}
                onChange={[Function]}
                onDragStart={[Function]}
                onDrop={[Function]}
                onFocus={[Function]}
                placeholder="Put address you want to send the money"
                type="text"
                value=""
              />
            </div>
            <div>
              <input
                className="Action-sendAmmountField-16"
                onBlur={[Function]}
                onChange={[Function]}
                onDragStart={[Function]}
                onDrop={[Function]}
                onFocus={[Function]}
                placeholder="Set ammount"
                type="text"
                value=""
              />
            </div>
            <button
              className="Action-sendBtn-18"
              type="submit"
            >
              Send money
            </button>
          </form>
        </div>
        <div
          className="Action-actionsInvoice-20"
        >
          <span
            className="Action-invoiceTitle-21"
          >
            Invoice
          </span>
          <div>
            <input
              className="Action-invoiceAmmountField-17"
              placeholder="Set ammount you need to receive"
              type="text"
            />
          </div>
          <a
            className="Action-invoiceBtn-19"
            href="/"
          >
            Generate link
          </a>
        </div>
      </div>
    </div>
    <div
      className="Transaction-root-22"
    >
      <div
        className="Transaction-transactionsTitle-23"
      >
         Transactions
      </div>
      <div
        className="Transaction-transactionsTable-24"
      >
        <div
          className="Transaction-tableHead-27 Transaction-tableRow-26"
        >
          <div
            className="Transaction-tableData-25 Transaction-col1-32"
          >
            to address:
          </div>
          <div
            className="Transaction-tableData-25 Transaction-col2-33"
          >
            ammount:
          </div>
          <div
            className="Transaction-tableData-25 Transaction-col3-34"
          >
            status:
          </div>
          <div
            className="Transaction-tableData-25 Transaction-col4-35"
          >
            date/time:
          </div>
        </div>
        <div
          className="Transaction-tableWrapper-36"
          id="table-scroll"
          tabIndex="5000"
        >
          <div
            className="Transaction-tableContentWrap-37"
          >
            <div
              className="Transaction-tableRow-26"
            >
              <div
                className="Transaction-tableData-25 Transaction-col1-32 Transaction-icon1-28"
              >
                <span>
                  0x88d50B466BfE55222019D71F9E8fAe17f5f45FCA1
                </span>
              </div>
              <div
                className="Transaction-tableData-25 Transaction-col2-33 Transaction-icon2-29"
              >
                <span>
                  0.1221 DCB
                </span>
              </div>
              <div
                className="Transaction-tableData-25 Transaction-col3-34 Transaction-icon3-30"
              >
                <span>
                  DEMO
                </span>
              </div>
              <div
                className="Transaction-tableData-25 Transaction-col4-35 Transaction-icon4-31"
              >
                <time
                  dateTime="2018-02-12 13:30"
                >
                  01:30 PM 12.02.2018
                </time>
              </div>
            </div>
            <div
              className="Transaction-tableRow-26"
            >
              <div
                className="Transaction-tableData-25 Transaction-col1-32 Transaction-icon1-28"
              >
                <span>
                  0x88d50B466BfE55222019D71F9E8fAe17f5f45FCA1
                </span>
              </div>
              <div
                className="Transaction-tableData-25 Transaction-col2-33 Transaction-icon2-29"
              >
                <span>
                  0.1221 DCB
                </span>
              </div>
              <div
                className="Transaction-tableData-25 Transaction-col3-34 Transaction-icon3-30"
              >
                <span>
                  DEMO
                </span>
              </div>
              <div
                className="Transaction-tableData-25 Transaction-col4-35 Transaction-icon4-31"
              >
                <time
                  dateTime="2018-02-12 13:30"
                >
                  01:30 PM 12.02.2018
                </time>
              </div>
            </div>
            <div
              className="Transaction-tableRow-26"
            >
              <div
                className="Transaction-tableData-25 Transaction-col1-32 Transaction-icon1-28"
              >
                <span>
                  0x88d50B466BfE55222019D71F9E8fAe17f5f45FCA1
                </span>
              </div>
              <div
                className="Transaction-tableData-25 Transaction-col2-33 Transaction-icon2-29"
              >
                <span>
                  0.1221 DCB
                </span>
              </div>
              <div
                className="Transaction-tableData-25 Transaction-col3-34 Transaction-icon3-30"
              >
                <span>
                  DEMO
                </span>
              </div>
              <div
                className="Transaction-tableData-25 Transaction-col4-35 Transaction-icon4-31"
              >
                <time
                  dateTime="2018-02-12 13:30"
                >
                  01:30 PM 12.02.2018
                </time>
              </div>
            </div>
            <div
              className="Transaction-tableRow-26"
            >
              <div
                className="Transaction-tableData-25 Transaction-col1-32 Transaction-icon1-28"
              >
                <span>
                  0x88d50B466BfE55222019D71F9E8fAe17f5f45FCA1
                </span>
              </div>
              <div
                className="Transaction-tableData-25 Transaction-col2-33 Transaction-icon2-29"
              >
                <span>
                  0.1221 DCB
                </span>
              </div>
              <div
                className="Transaction-tableData-25 Transaction-col3-34 Transaction-icon3-30"
              >
                <span>
                  DEMO
                </span>
              </div>
              <div
                className="Transaction-tableData-25 Transaction-col4-35 Transaction-icon4-31"
              >
                <time
                  dateTime="2018-02-12 13:30"
                >
                  01:30 PM 12.02.2018
                </time>
              </div>
            </div>
            <div
              className="Transaction-tableRow-26"
            >
              <div
                className="Transaction-tableData-25 Transaction-col1-32 Transaction-icon1-28"
              >
                <span>
                  0x88d50B466BfE55222019D71F9E8fAe17f5f45FCA1
                </span>
              </div>
              <div
                className="Transaction-tableData-25 Transaction-col2-33 Transaction-icon2-29"
              >
                <span>
                  0.1221 DCB
                </span>
              </div>
              <div
                className="Transaction-tableData-25 Transaction-col3-34 Transaction-icon3-30"
              >
                <span>
                  DEMO
                </span>
              </div>
              <div
                className="Transaction-tableData-25 Transaction-col4-35 Transaction-icon4-31"
              >
                <time
                  dateTime="2018-02-12 13:30"
                >
                  01:30 PM 12.02.2018
                </time>
              </div>
            </div>
            <div
              className="Transaction-tableRow-26"
            >
              <div
                className="Transaction-tableData-25 Transaction-col1-32 Transaction-icon1-28"
              >
                <span>
                  0x88d50B466BfE55222019D71F9E8fAe17f5f45FCA1
                </span>
              </div>
              <div
                className="Transaction-tableData-25 Transaction-col2-33 Transaction-icon2-29"
              >
                <span>
                  0.1221 DCB
                </span>
              </div>
              <div
                className="Transaction-tableData-25 Transaction-col3-34 Transaction-icon3-30"
              >
                <span>
                  DEMO
                </span>
              </div>
              <div
                className="Transaction-tableData-25 Transaction-col4-35 Transaction-icon4-31"
              >
                <time
                  dateTime="2018-02-12 13:30"
                >
                  01:30 PM 12.02.2018
                </time>
              </div>
            </div>
            <div
              className="Transaction-tableRow-26"
            >
              <div
                className="Transaction-tableData-25 Transaction-col1-32 Transaction-icon1-28"
              >
                <span>
                  0x88d50B466BfE55222019D71F9E8fAe17f5f45FCA1
                </span>
              </div>
              <div
                className="Transaction-tableData-25 Transaction-col2-33 Transaction-icon2-29"
              >
                <span>
                  0.1221 DCB
                </span>
              </div>
              <div
                className="Transaction-tableData-25 Transaction-col3-34 Transaction-icon3-30"
              >
                <span>
                  DEMO
                </span>
              </div>
              <div
                className="Transaction-tableData-25 Transaction-col4-35 Transaction-icon4-31"
              >
                <time
                  dateTime="2018-02-12 13:30"
                >
                  01:30 PM 12.02.2018
                </time>
              </div>
            </div>
            <div
              className="Transaction-tableRow-26"
            >
              <div
                className="Transaction-tableData-25 Transaction-col1-32 Transaction-icon1-28"
              >
                <span>
                  0x88d50B466BfE55222019D71F9E8fAe17f5f45FCA1
                </span>
              </div>
              <div
                className="Transaction-tableData-25 Transaction-col2-33 Transaction-icon2-29"
              >
                <span>
                  0.1221 DCB
                </span>
              </div>
              <div
                className="Transaction-tableData-25 Transaction-col3-34 Transaction-icon3-30"
              >
                <span>
                  DEMO
                </span>
              </div>
              <div
                className="Transaction-tableData-25 Transaction-col4-35 Transaction-icon4-31"
              >
                <time
                  dateTime="2018-02-12 13:30"
                >
                  01:30 PM 12.02.2018
                </time>
              </div>
            </div>
            <div
              className="Transaction-tableRow-26"
            >
              <div
                className="Transaction-tableData-25 Transaction-col1-32 Transaction-icon1-28"
              >
                <span>
                  0x88d50B466BfE55222019D71F9E8fAe17f5f45FCA1
                </span>
              </div>
              <div
                className="Transaction-tableData-25 Transaction-col2-33 Transaction-icon2-29"
              >
                <span>
                  0.1221 DCB
                </span>
              </div>
              <div
                className="Transaction-tableData-25 Transaction-col3-34 Transaction-icon3-30"
              >
                <span>
                  DEMO
                </span>
              </div>
              <div
                className="Transaction-tableData-25 Transaction-col4-35 Transaction-icon4-31"
              >
                <time
                  dateTime="2018-02-12 13:30"
                >
                  01:30 PM 12.02.2018
                </time>
              </div>
            </div>
            <div
              className="Transaction-tableRow-26"
            >
              <div
                className="Transaction-tableData-25 Transaction-col1-32 Transaction-icon1-28"
              >
                <span>
                  0x88d50B466BfE55222019D71F9E8fAe17f5f45FCA1
                </span>
              </div>
              <div
                className="Transaction-tableData-25 Transaction-col2-33 Transaction-icon2-29"
              >
                <span>
                  0.1221 DCB
                </span>
              </div>
              <div
                className="Transaction-tableData-25 Transaction-col3-34 Transaction-icon3-30"
              >
                <span>
                  DEMO
                </span>
              </div>
              <div
                className="Transaction-tableData-25 Transaction-col4-35 Transaction-icon4-31"
              >
                <time
                  dateTime="2018-02-12 13:30"
                >
                  01:30 PM 12.02.2018
                </time>
              </div>
            </div>
            <div
              className="Transaction-tableRow-26"
            >
              <div
                className="Transaction-tableData-25 Transaction-col1-32 Transaction-icon1-28"
              >
                <span>
                  0x88d50B466BfE55222019D71F9E8fAe17f5f45FCA1
                </span>
              </div>
              <div
                className="Transaction-tableData-25 Transaction-col2-33 Transaction-icon2-29"
              >
                <span>
                  0.1221 DCB
                </span>
              </div>
              <div
                className="Transaction-tableData-25 Transaction-col3-34 Transaction-icon3-30"
              >
                <span>
                  DEMO
                </span>
              </div>
              <div
                className="Transaction-tableData-25 Transaction-col4-35 Transaction-icon4-31"
              >
                <time
                  dateTime="2018-02-12 13:30"
                >
                  01:30 PM 12.02.2018
                </time>
              </div>
            </div>
          </div>
        </div>
      </div>
      <div
        className="Transaction-tableBtns-38"
      >
        <a
          className="Transaction-receivedBtn-39"
          href="/"
        >
          Received
        </a>
        <a
          className="Transaction-sentBtn-40"
          href="/"
        >
          Sent
        </a>
      </div>
    </div>
    <div
      className="BestAd-root-41"
    >
      <div
        className="BestAd-bestItem-42"
      >
        <div
          className="BestAd-titleWrap-43"
        >
          <a
            className="BestAd-bestTitle-44"
            href="/games"
            onClick={[Function]}
          >
            Games
          </a>
        </div>
        <div
          className="BestAd-bestContent-45"
        >
          <a
            className="BestAd-bestImg-46"
            href="/games"
            onClick={[Function]}
          >
            <img
              alt=""
              className="BestAd-bestItemImg-47"
              src="CloverLogo1"
            />
          </a>
          <a
            className="BestAd-bestLink-48"
            href="/games"
            onClick={[Function]}
          >
            Game of the day
            : 
            <br />
            <span>
              Smash Champs
            </span>
          </a>
        </div>
      </div>
      <div
        className="BestAd-bestItem-42"
      >
        <div
          className="BestAd-titleWrap-43"
        >
          <a
            className="BestAd-bestTitle-44"
            href="/stream"
            onClick={[Function]}
          >
            Shop
          </a>
        </div>
        <div
          className="BestAd-bestContent-45"
        >
          <a
            className="BestAd-bestImg-46"
            href="/stream"
            onClick={[Function]}
          >
            <img
              alt=""
              className="BestAd-bestItemImg-47"
              src="CloverLogo1"
            />
          </a>
          <a
            className="BestAd-bestLink-48"
            href="/stream"
            onClick={[Function]}
          >
            Product of the day
            : 
            <br />
            <span>
              Blue cool Jelly
            </span>
          </a>
        </div>
      </div>
    </div>
    <div
      className="Categories-root-49"
    >
      <div
        className="Categories-categories-50"
      >
        <div
          className="Categories-categTitleWrap-51"
        >
          <a
            className="Categories-categoriesTitle-52"
            href="/"
            onClick={[Function]}
          >
            Categories:
          </a>
        </div>
        <div
          className="CategorieItem-root-53"
        >
          <a
            className="CategorieItem-gameImg-54"
            href="/game/4clover"
            onClick={[Function]}
          >
            <img
              alt=""
              className="CategorieItem-gameImgLink-55"
              src="CloverLogo1"
            />
          </a>
          <a
            className="CategorieItem-gameLink-56"
            href="/game/4clover"
            onClick={[Function]}
          >
            Most popular
            : 
            <br />
             
            <span>
              4Clover
            </span>
          </a>
        </div>
        <div
          className="CategorieItem-root-53"
        >
          <a
            className="CategorieItem-gameImg-54"
            href="/game/4clover"
            onClick={[Function]}
          >
            <img
              alt=""
              className="CategorieItem-gameImgLink-55"
              src="CloverLogo1"
            />
          </a>
          <a
            className="CategorieItem-gameLink-56"
            href="/game/4clover"
            onClick={[Function]}
          >
            Most popular
            : 
            <br />
             
            <span>
              Dice games
            </span>
          </a>
        </div>
        <div
          className="CategorieItem-root-53"
        >
          <a
            className="CategorieItem-gameImg-54"
            href="/game/4clover"
            onClick={[Function]}
          >
            <img
              alt=""
              className="CategorieItem-gameImgLink-55"
              src="CloverLogo1"
            />
          </a>
          <a
            className="CategorieItem-gameLink-56"
            href="/game/4clover"
            onClick={[Function]}
          >
            For children
            : 
            <br />
             
            <span>
              Word games
            </span>
          </a>
        </div>
        <div
          className="CategorieItem-root-53"
        >
          <a
            className="CategorieItem-gameImg-54"
            href="/game/4clover"
            onClick={[Function]}
          >
            <img
              alt=""
              className="CategorieItem-gameImgLink-55"
              src="CloverLogo1"
            />
          </a>
          <a
            className="CategorieItem-gameLink-56"
            href="/game/4clover"
            onClick={[Function]}
          >
            For children
            : 
            <br />
             
            <span>
              Funny games
            </span>
          </a>
        </div>
        <div
          className="CategorieItem-root-53"
        >
          <a
            className="CategorieItem-gameImg-54"
            href="/game/4clover"
            onClick={[Function]}
          >
            <img
              alt=""
              className="CategorieItem-gameImgLink-55"
              src="CloverLogo1"
            />
          </a>
          <a
            className="CategorieItem-gameLink-56"
            href="/game/4clover"
            onClick={[Function]}
          >
            For children
            : 
            <br />
             
            <span>
              Word games
            </span>
          </a>
        </div>
        <div
          className="CategorieItem-root-53"
        >
          <a
            className="CategorieItem-gameImg-54"
            href="/game/4clover"
            onClick={[Function]}
          >
            <img
              alt=""
              className="CategorieItem-gameImgLink-55"
              src="CloverLogo1"
            />
          </a>
          <a
            className="CategorieItem-gameLink-56"
            href="/game/4clover"
            onClick={[Function]}
          >
            For children
            : 
            <br />
             
            <span>
              Word games
            </span>
          </a>
        </div>
      </div>
      <div
        className="Categories-categories-50"
      >
        <div
          className="Categories-categTitleWrap-51"
        >
          <a
            className="Categories-categoriesTitle-52"
            href="/"
            onClick={[Function]}
          >
            Categories:
          </a>
        </div>
        <div
          className="CategorieItem-root-53"
        >
          <a
            className="CategorieItem-gameImg-54"
            href="/game/4clover"
            onClick={[Function]}
          >
            <img
              alt=""
              className="CategorieItem-gameImgLink-55"
              src="CloverLogo1"
            />
          </a>
          <a
            className="CategorieItem-gameLink-56"
            href="/game/4clover"
            onClick={[Function]}
          >
            Most popular
            : 
            <br />
             
            <span>
              Loto games
            </span>
          </a>
        </div>
        <div
          className="CategorieItem-root-53"
        >
          <a
            className="CategorieItem-gameImg-54"
            href="/game/4clover"
            onClick={[Function]}
          >
            <img
              alt=""
              className="CategorieItem-gameImgLink-55"
              src="CloverLogo1"
            />
          </a>
          <a
            className="CategorieItem-gameLink-56"
            href="/game/4clover"
            onClick={[Function]}
          >
            Most popular
            : 
            <br />
             
            <span>
              Dice games
            </span>
          </a>
        </div>
        <div
          className="CategorieItem-root-53"
        >
          <a
            className="CategorieItem-gameImg-54"
            href="/game/4clover"
            onClick={[Function]}
          >
            <img
              alt=""
              className="CategorieItem-gameImgLink-55"
              src="CloverLogo1"
            />
          </a>
          <a
            className="CategorieItem-gameLink-56"
            href="/game/4clover"
            onClick={[Function]}
          >
            For children
            : 
            <br />
             
            <span>
              Word games
            </span>
          </a>
        </div>
        <div
          className="CategorieItem-root-53"
        >
          <a
            className="CategorieItem-gameImg-54"
            href="/game/4clover"
            onClick={[Function]}
          >
            <img
              alt=""
              className="CategorieItem-gameImgLink-55"
              src="CloverLogo1"
            />
          </a>
          <a
            className="CategorieItem-gameLink-56"
            href="/game/4clover"
            onClick={[Function]}
          >
            For children
            : 
            <br />
             
            <span>
              Funny games
            </span>
          </a>
        </div>
        <div
          className="CategorieItem-root-53"
        >
          <a
            className="CategorieItem-gameImg-54"
            href="/game/4clover"
            onClick={[Function]}
          >
            <img
              alt=""
              className="CategorieItem-gameImgLink-55"
              src="CloverLogo1"
            />
          </a>
          <a
            className="CategorieItem-gameLink-56"
            href="/game/4clover"
            onClick={[Function]}
          >
            For children
            : 
            <br />
             
            <span>
              Word games
            </span>
          </a>
        </div>
        <div
          className="CategorieItem-root-53"
        >
          <a
            className="CategorieItem-gameImg-54"
            href="/game/4clover"
            onClick={[Function]}
          >
            <img
              alt=""
              className="CategorieItem-gameImgLink-55"
              src="CloverLogo1"
            />
          </a>
          <a
            className="CategorieItem-gameLink-56"
            href="/game/4clover"
            onClick={[Function]}
          >
            For children
            : 
            <br />
             
            <span>
              Word games
            </span>
          </a>
        </div>
      </div>
    </div>
  </div>
</main>
`;
