// Jest Snapshot v1, https://goo.gl/fbAQLP

exports[`renders correctly 1`] = `
<main>
  <div
    className="Dashboard-root-1"
  >
    <div
      className="Wallet-root-2"
    >
      <div
        className="Wallet-wallet-3"
      >
        <div
          className="Wallet-walletTitle-4"
        >
          <p>
            My dcb wallet:
          </p>
        </div>
        <div
          className="Wallet-walletSum-5"
        >
          <a
            href="/"
          />
        </div>
        <ul
          className="Wallet-walletNav-6"
        >
          <li>
            <a
              className="Wallet-walletNavItem-7"
              href="/"
            >
              Send Money
            </a>
          </li>
          <li>
            <a
              className="Wallet-walletNavItem-7"
              href="/"
            >
              Tranfer Money
            </a>
          </li>
          <li>
            <a
              className="Wallet-walletNavItem-7"
              href="/"
            >
              Invoice
            </a>
          </li>
          <li>
            <a
              className="Wallet-walletNavItem-7"
              href="/"
            >
              Cashout
            </a>
          </li>
        </ul>
      </div>
      <div
        className="Action-root-8"
      >
        <div
          className="Action-actionsStatistics-9"
        >
          <span
            className="Action-statisticsTitle-11"
          >
            Statistics
          </span>
          <div
            className={undefined}
          >
            <canvas
              height="90"
              id="cvs"
              width="200"
            >
              [No canvas support]
            </canvas>
          </div>
        </div>
        <div
          className="Action-actionsSend-12"
        >
          <form
            className="Action-form-10"
            onSubmit={[Function]}
          >
            <span
              className="Action-sendTitle-13"
            >
              Send now
            </span>
            <div
              className={undefined}
            >
              <input
                className="Action-sendAddressField-14"
                id={undefined}
                name={undefined}
                onBlur={[Function]}
                onChange={[Function]}
                onDragStart={[Function]}
                onDrop={[Function]}
                onFocus={[Function]}
                placeholder="Put address you want to send the money"
                type="text"
                value=""
              />
            </div>
            <div
              className={undefined}
            >
              <input
                className="Action-sendAmmountField-15"
                id={undefined}
                name={undefined}
                onBlur={[Function]}
                onChange={[Function]}
                onDragStart={[Function]}
                onDrop={[Function]}
                onFocus={[Function]}
                placeholder="Set ammount"
                type="text"
                value=""
              />
            </div>
            <button
              className="Action-sendBtn-17"
              type="submit"
            >
              Send money
            </button>
          </form>
        </div>
        <div
          className="Action-actionsInvoice-19"
        >
          <span
            className="Action-invoiceTitle-20"
          >
            Invoice
          </span>
          <div
            className={undefined}
          >
            <input
              className="Action-invoiceAmmountField-16"
              placeholder="Set ammount you need to receive"
              type="text"
            />
          </div>
          <a
            className="Action-invoiceBtn-18"
            href="/"
          >
            Generate link
          </a>
        </div>
      </div>
    </div>
    <div
      className="Transaction-root-21"
    >
      <div
        className="Transaction-transactionsTitle-22"
      >
         Transactions
      </div>
      <div
        className="Transaction-transactionsTable-23"
      >
        <div
          className="Transaction-tableHead-26 Transaction-tableRow-25"
        >
          <div
            className="Transaction-tableData-24 Transaction-col1-31"
          >
            to address:
          </div>
          <div
            className="Transaction-tableData-24 Transaction-col2-32"
          >
            ammount:
          </div>
          <div
            className="Transaction-tableData-24 Transaction-col3-33"
          >
            status:
          </div>
          <div
            className="Transaction-tableData-24 Transaction-col4-34"
          >
            date/time:
          </div>
        </div>
        <div
          className="Transaction-tableWrapper-35"
          id="table-scroll"
          tabIndex="5000"
        >
          <div
            className="Transaction-tableContentWrap-36"
          >
            <div
              className="Transaction-tableRow-25"
            >
              <div
                className="Transaction-tableData-24 Transaction-col1-31 Transaction-icon1-27"
              >
                <span>
                  0x88d50B466BfE55222019D71F9E8fAe17f5f45FCA1
                </span>
              </div>
              <div
                className="Transaction-tableData-24 Transaction-col2-32 Transaction-icon2-28"
              >
                <span>
                  0.1221 DCB
                </span>
              </div>
              <div
                className="Transaction-tableData-24 Transaction-col3-33 Transaction-icon3-29"
              >
                <span>
                  DEMO
                </span>
              </div>
              <div
                className="Transaction-tableData-24 Transaction-col4-34 Transaction-icon4-30"
              >
                <time
                  dateTime="2018-02-12 13:30"
                >
                  01:30 PM 12.02.2018
                </time>
              </div>
            </div>
            <div
              className="Transaction-tableRow-25"
            >
              <div
                className="Transaction-tableData-24 Transaction-col1-31 Transaction-icon1-27"
              >
                <span>
                  0x88d50B466BfE55222019D71F9E8fAe17f5f45FCA1
                </span>
              </div>
              <div
                className="Transaction-tableData-24 Transaction-col2-32 Transaction-icon2-28"
              >
                <span>
                  0.1221 DCB
                </span>
              </div>
              <div
                className="Transaction-tableData-24 Transaction-col3-33 Transaction-icon3-29"
              >
                <span>
                  DEMO
                </span>
              </div>
              <div
                className="Transaction-tableData-24 Transaction-col4-34 Transaction-icon4-30"
              >
                <time
                  dateTime="2018-02-12 13:30"
                >
                  01:30 PM 12.02.2018
                </time>
              </div>
            </div>
            <div
              className="Transaction-tableRow-25"
            >
              <div
                className="Transaction-tableData-24 Transaction-col1-31 Transaction-icon1-27"
              >
                <span>
                  0x88d50B466BfE55222019D71F9E8fAe17f5f45FCA1
                </span>
              </div>
              <div
                className="Transaction-tableData-24 Transaction-col2-32 Transaction-icon2-28"
              >
                <span>
                  0.1221 DCB
                </span>
              </div>
              <div
                className="Transaction-tableData-24 Transaction-col3-33 Transaction-icon3-29"
              >
                <span>
                  DEMO
                </span>
              </div>
              <div
                className="Transaction-tableData-24 Transaction-col4-34 Transaction-icon4-30"
              >
                <time
                  dateTime="2018-02-12 13:30"
                >
                  01:30 PM 12.02.2018
                </time>
              </div>
            </div>
            <div
              className="Transaction-tableRow-25"
            >
              <div
                className="Transaction-tableData-24 Transaction-col1-31 Transaction-icon1-27"
              >
                <span>
                  0x88d50B466BfE55222019D71F9E8fAe17f5f45FCA1
                </span>
              </div>
              <div
                className="Transaction-tableData-24 Transaction-col2-32 Transaction-icon2-28"
              >
                <span>
                  0.1221 DCB
                </span>
              </div>
              <div
                className="Transaction-tableData-24 Transaction-col3-33 Transaction-icon3-29"
              >
                <span>
                  DEMO
                </span>
              </div>
              <div
                className="Transaction-tableData-24 Transaction-col4-34 Transaction-icon4-30"
              >
                <time
                  dateTime="2018-02-12 13:30"
                >
                  01:30 PM 12.02.2018
                </time>
              </div>
            </div>
            <div
              className="Transaction-tableRow-25"
            >
              <div
                className="Transaction-tableData-24 Transaction-col1-31 Transaction-icon1-27"
              >
                <span>
                  0x88d50B466BfE55222019D71F9E8fAe17f5f45FCA1
                </span>
              </div>
              <div
                className="Transaction-tableData-24 Transaction-col2-32 Transaction-icon2-28"
              >
                <span>
                  0.1221 DCB
                </span>
              </div>
              <div
                className="Transaction-tableData-24 Transaction-col3-33 Transaction-icon3-29"
              >
                <span>
                  DEMO
                </span>
              </div>
              <div
                className="Transaction-tableData-24 Transaction-col4-34 Transaction-icon4-30"
              >
                <time
                  dateTime="2018-02-12 13:30"
                >
                  01:30 PM 12.02.2018
                </time>
              </div>
            </div>
            <div
              className="Transaction-tableRow-25"
            >
              <div
                className="Transaction-tableData-24 Transaction-col1-31 Transaction-icon1-27"
              >
                <span>
                  0x88d50B466BfE55222019D71F9E8fAe17f5f45FCA1
                </span>
              </div>
              <div
                className="Transaction-tableData-24 Transaction-col2-32 Transaction-icon2-28"
              >
                <span>
                  0.1221 DCB
                </span>
              </div>
              <div
                className="Transaction-tableData-24 Transaction-col3-33 Transaction-icon3-29"
              >
                <span>
                  DEMO
                </span>
              </div>
              <div
                className="Transaction-tableData-24 Transaction-col4-34 Transaction-icon4-30"
              >
                <time
                  dateTime="2018-02-12 13:30"
                >
                  01:30 PM 12.02.2018
                </time>
              </div>
            </div>
            <div
              className="Transaction-tableRow-25"
            >
              <div
                className="Transaction-tableData-24 Transaction-col1-31 Transaction-icon1-27"
              >
                <span>
                  0x88d50B466BfE55222019D71F9E8fAe17f5f45FCA1
                </span>
              </div>
              <div
                className="Transaction-tableData-24 Transaction-col2-32 Transaction-icon2-28"
              >
                <span>
                  0.1221 DCB
                </span>
              </div>
              <div
                className="Transaction-tableData-24 Transaction-col3-33 Transaction-icon3-29"
              >
                <span>
                  DEMO
                </span>
              </div>
              <div
                className="Transaction-tableData-24 Transaction-col4-34 Transaction-icon4-30"
              >
                <time
                  dateTime="2018-02-12 13:30"
                >
                  01:30 PM 12.02.2018
                </time>
              </div>
            </div>
            <div
              className="Transaction-tableRow-25"
            >
              <div
                className="Transaction-tableData-24 Transaction-col1-31 Transaction-icon1-27"
              >
                <span>
                  0x88d50B466BfE55222019D71F9E8fAe17f5f45FCA1
                </span>
              </div>
              <div
                className="Transaction-tableData-24 Transaction-col2-32 Transaction-icon2-28"
              >
                <span>
                  0.1221 DCB
                </span>
              </div>
              <div
                className="Transaction-tableData-24 Transaction-col3-33 Transaction-icon3-29"
              >
                <span>
                  DEMO
                </span>
              </div>
              <div
                className="Transaction-tableData-24 Transaction-col4-34 Transaction-icon4-30"
              >
                <time
                  dateTime="2018-02-12 13:30"
                >
                  01:30 PM 12.02.2018
                </time>
              </div>
            </div>
            <div
              className="Transaction-tableRow-25"
            >
              <div
                className="Transaction-tableData-24 Transaction-col1-31 Transaction-icon1-27"
              >
                <span>
                  0x88d50B466BfE55222019D71F9E8fAe17f5f45FCA1
                </span>
              </div>
              <div
                className="Transaction-tableData-24 Transaction-col2-32 Transaction-icon2-28"
              >
                <span>
                  0.1221 DCB
                </span>
              </div>
              <div
                className="Transaction-tableData-24 Transaction-col3-33 Transaction-icon3-29"
              >
                <span>
                  DEMO
                </span>
              </div>
              <div
                className="Transaction-tableData-24 Transaction-col4-34 Transaction-icon4-30"
              >
                <time
                  dateTime="2018-02-12 13:30"
                >
                  01:30 PM 12.02.2018
                </time>
              </div>
            </div>
            <div
              className="Transaction-tableRow-25"
            >
              <div
                className="Transaction-tableData-24 Transaction-col1-31 Transaction-icon1-27"
              >
                <span>
                  0x88d50B466BfE55222019D71F9E8fAe17f5f45FCA1
                </span>
              </div>
              <div
                className="Transaction-tableData-24 Transaction-col2-32 Transaction-icon2-28"
              >
                <span>
                  0.1221 DCB
                </span>
              </div>
              <div
                className="Transaction-tableData-24 Transaction-col3-33 Transaction-icon3-29"
              >
                <span>
                  DEMO
                </span>
              </div>
              <div
                className="Transaction-tableData-24 Transaction-col4-34 Transaction-icon4-30"
              >
                <time
                  dateTime="2018-02-12 13:30"
                >
                  01:30 PM 12.02.2018
                </time>
              </div>
            </div>
            <div
              className="Transaction-tableRow-25"
            >
              <div
                className="Transaction-tableData-24 Transaction-col1-31 Transaction-icon1-27"
              >
                <span>
                  0x88d50B466BfE55222019D71F9E8fAe17f5f45FCA1
                </span>
              </div>
              <div
                className="Transaction-tableData-24 Transaction-col2-32 Transaction-icon2-28"
              >
                <span>
                  0.1221 DCB
                </span>
              </div>
              <div
                className="Transaction-tableData-24 Transaction-col3-33 Transaction-icon3-29"
              >
                <span>
                  DEMO
                </span>
              </div>
              <div
                className="Transaction-tableData-24 Transaction-col4-34 Transaction-icon4-30"
              >
                <time
                  dateTime="2018-02-12 13:30"
                >
                  01:30 PM 12.02.2018
                </time>
              </div>
            </div>
          </div>
        </div>
      </div>
      <div
        className="Transaction-tableBtns-37"
      >
        <a
          className="Transaction-receivedBtn-38"
          href="/"
        >
          Received
        </a>
        <a
          className="Transaction-sentBtn-39"
          href="/"
        >
          Sent
        </a>
      </div>
    </div>
    <div
      className="BestAd-root-40"
    >
      <div
        className="BestAd-bestItem-41"
      >
        <div
          className="BestAd-titleWrap-42"
        >
          <a
            className="BestAd-bestTitle-43"
            href="/"
          >
            Games
          </a>
        </div>
        <div
          className="BestAd-bestContent-44"
        >
          <a
            className="BestAd-bestImg-45"
            href="/"
          >
            <img
              alt=""
              className="BestAd-bestItemImg-46"
              src="CloverLogo1"
            />
          </a>
          <a
            className="BestAd-bestLink-47"
            href="/"
          >
            Game of the day
            : 
            <br />
            <span>
              Smash Champs
            </span>
          </a>
        </div>
      </div>
      <div
        className="BestAd-bestItem-41"
      >
        <div
          className="BestAd-titleWrap-42"
        >
          <a
            className="BestAd-bestTitle-43"
            href="/"
          >
            Shop
          </a>
        </div>
        <div
          className="BestAd-bestContent-44"
        >
          <a
            className="BestAd-bestImg-45"
            href="/"
          >
            <img
              alt=""
              className="BestAd-bestItemImg-46"
              src="CloverLogo1"
            />
          </a>
          <a
            className="BestAd-bestLink-47"
            href="/"
          >
            Product of the day
            : 
            <br />
            <span>
              Blue cool Jelly
            </span>
          </a>
        </div>
      </div>
    </div>
    <div
      className="Categories-root-48"
    >
      <div
        className="Categories-categories-49"
      >
        <div
          className="Categories-categTitleWrap-50"
        >
          <a
            className="Categories-categoriesTitle-51"
            href="/"
            onClick={[Function]}
          >
            Categories:
          </a>
        </div>
        <div
          className="CategorieItem-root-52"
        >
          <a
            className="CategorieItem-gameImg-53"
            href="/game/4clover"
            onClick={[Function]}
          >
            <img
              alt=""
              className="CategorieItem-gameImgLink-54"
              src="CloverLogo1"
            />
          </a>
          <a
            className="CategorieItem-gameLink-55"
            href="/game/4clover"
            onClick={[Function]}
          >
            Most popular
            : 
            <br />
             
            <span>
              4Clover
            </span>
          </a>
        </div>
        <div
          className="CategorieItem-root-52"
        >
          <a
            className="CategorieItem-gameImg-53"
            href="/game/4clover"
            onClick={[Function]}
          >
            <img
              alt=""
              className="CategorieItem-gameImgLink-54"
              src="CloverLogo1"
            />
          </a>
          <a
            className="CategorieItem-gameLink-55"
            href="/game/4clover"
            onClick={[Function]}
          >
            Most popular
            : 
            <br />
             
            <span>
              Dice games
            </span>
          </a>
        </div>
        <div
          className="CategorieItem-root-52"
        >
          <a
            className="CategorieItem-gameImg-53"
            href="/game/4clover"
            onClick={[Function]}
          >
            <img
              alt=""
              className="CategorieItem-gameImgLink-54"
              src="CloverLogo1"
            />
          </a>
          <a
            className="CategorieItem-gameLink-55"
            href="/game/4clover"
            onClick={[Function]}
          >
            For children
            : 
            <br />
             
            <span>
              Word games
            </span>
          </a>
        </div>
        <div
          className="CategorieItem-root-52"
        >
          <a
            className="CategorieItem-gameImg-53"
            href="/game/4clover"
            onClick={[Function]}
          >
            <img
              alt=""
              className="CategorieItem-gameImgLink-54"
              src="CloverLogo1"
            />
          </a>
          <a
            className="CategorieItem-gameLink-55"
            href="/game/4clover"
            onClick={[Function]}
          >
            For children
            : 
            <br />
             
            <span>
              Funny games
            </span>
          </a>
        </div>
        <div
          className="CategorieItem-root-52"
        >
          <a
            className="CategorieItem-gameImg-53"
            href="/game/4clover"
            onClick={[Function]}
          >
            <img
              alt=""
              className="CategorieItem-gameImgLink-54"
              src="CloverLogo1"
            />
          </a>
          <a
            className="CategorieItem-gameLink-55"
            href="/game/4clover"
            onClick={[Function]}
          >
            For children
            : 
            <br />
             
            <span>
              Word games
            </span>
          </a>
        </div>
        <div
          className="CategorieItem-root-52"
        >
          <a
            className="CategorieItem-gameImg-53"
            href="/game/4clover"
            onClick={[Function]}
          >
            <img
              alt=""
              className="CategorieItem-gameImgLink-54"
              src="CloverLogo1"
            />
          </a>
          <a
            className="CategorieItem-gameLink-55"
            href="/game/4clover"
            onClick={[Function]}
          >
            For children
            : 
            <br />
             
            <span>
              Word games
            </span>
          </a>
        </div>
      </div>
      <div
        className="Categories-categories-49"
      >
        <div
          className="Categories-categTitleWrap-50"
        >
          <a
            className="Categories-categoriesTitle-51"
            href="/"
            onClick={[Function]}
          >
            Categories:
          </a>
        </div>
        <div
          className="CategorieItem-root-52"
        >
          <a
            className="CategorieItem-gameImg-53"
            href="/game/4clover"
            onClick={[Function]}
          >
            <img
              alt=""
              className="CategorieItem-gameImgLink-54"
              src="CloverLogo1"
            />
          </a>
          <a
            className="CategorieItem-gameLink-55"
            href="/game/4clover"
            onClick={[Function]}
          >
            Most popular
            : 
            <br />
             
            <span>
              Loto games
            </span>
          </a>
        </div>
        <div
          className="CategorieItem-root-52"
        >
          <a
            className="CategorieItem-gameImg-53"
            href="/game/4clover"
            onClick={[Function]}
          >
            <img
              alt=""
              className="CategorieItem-gameImgLink-54"
              src="CloverLogo1"
            />
          </a>
          <a
            className="CategorieItem-gameLink-55"
            href="/game/4clover"
            onClick={[Function]}
          >
            Most popular
            : 
            <br />
             
            <span>
              Dice games
            </span>
          </a>
        </div>
        <div
          className="CategorieItem-root-52"
        >
          <a
            className="CategorieItem-gameImg-53"
            href="/game/4clover"
            onClick={[Function]}
          >
            <img
              alt=""
              className="CategorieItem-gameImgLink-54"
              src="CloverLogo1"
            />
          </a>
          <a
            className="CategorieItem-gameLink-55"
            href="/game/4clover"
            onClick={[Function]}
          >
            For children
            : 
            <br />
             
            <span>
              Word games
            </span>
          </a>
        </div>
        <div
          className="CategorieItem-root-52"
        >
          <a
            className="CategorieItem-gameImg-53"
            href="/game/4clover"
            onClick={[Function]}
          >
            <img
              alt=""
              className="CategorieItem-gameImgLink-54"
              src="CloverLogo1"
            />
          </a>
          <a
            className="CategorieItem-gameLink-55"
            href="/game/4clover"
            onClick={[Function]}
          >
            For children
            : 
            <br />
             
            <span>
              Funny games
            </span>
          </a>
        </div>
        <div
          className="CategorieItem-root-52"
        >
          <a
            className="CategorieItem-gameImg-53"
            href="/game/4clover"
            onClick={[Function]}
          >
            <img
              alt=""
              className="CategorieItem-gameImgLink-54"
              src="CloverLogo1"
            />
          </a>
          <a
            className="CategorieItem-gameLink-55"
            href="/game/4clover"
            onClick={[Function]}
          >
            For children
            : 
            <br />
             
            <span>
              Word games
            </span>
          </a>
        </div>
        <div
          className="CategorieItem-root-52"
        >
          <a
            className="CategorieItem-gameImg-53"
            href="/game/4clover"
            onClick={[Function]}
          >
            <img
              alt=""
              className="CategorieItem-gameImgLink-54"
              src="CloverLogo1"
            />
          </a>
          <a
            className="CategorieItem-gameLink-55"
            href="/game/4clover"
            onClick={[Function]}
          >
            For children
            : 
            <br />
             
            <span>
              Word games
            </span>
          </a>
        </div>
      </div>
    </div>
  </div>
</main>
`;
