// Jest Snapshot v1, https://goo.gl/fbAQLP

exports[`renders correctly 1`] = `
<div
  className="Action-root-1"
>
  <div
    className="Action-actionsStatistics-2"
  >
    <span
      className="Action-statisticsTitle-4"
    >
      Statistics
    </span>
    <div>
      <canvas
        height="90"
        id="cvs"
        width="200"
      >
        [No canvas support]
      </canvas>
    </div>
  </div>
  <div
    className="Action-actionsSend-5"
  >
    <form
      className="Action-form-3"
      onSubmit={[Function]}
    >
      <span
        className="Action-sendTitle-6"
      >
        Send now
      </span>
      <div
        className="Action-sendAddress-7"
      >
        <input
          className="Action-sendAddressField-8"
          onBlur={[Function]}
          onChange={[Function]}
          onDragStart={[Function]}
          onDrop={[Function]}
          onFocus={[Function]}
          placeholder="Put address you want to send the money"
          type="text"
          value=""
        />
      </div>
      <div>
        <input
          className="Action-sendAmmountField-9"
          onBlur={[Function]}
          onChange={[Function]}
          onDragStart={[Function]}
          onDrop={[Function]}
          onFocus={[Function]}
          placeholder="Set ammount"
          type="text"
          value=""
        />
      </div>
      <button
        className="Action-sendBtn-11"
        type="submit"
      >
        Send money
      </button>
    </form>
  </div>
  <div
    className="Action-actionsInvoice-13"
  >
    <span
      className="Action-invoiceTitle-14"
    >
      Invoice
    </span>
    <div>
      <input
        className="Action-invoiceAmmountField-10"
        placeholder="Set ammount you need to receive"
        type="text"
      />
    </div>
    <a
      className="Action-invoiceBtn-12"
      href="/"
    >
      Generate link
    </a>
  </div>
</div>
`;
