// Jest Snapshot v1, https://goo.gl/fbAQLP

exports[`renders correctly 1`] = `
<div
  className="Action-root-1"
>
  <div
    className="Action-actionsStatistics-2"
  >
    <span
      className="Action-statisticsTitle-5"
    >
      Statistics
    </span>
    <div
      className="Action-statisticsGraph-3"
    >
      <img
        alt=""
        src="graphic.png"
      />
    </div>
  </div>
  <div
    className="Action-actionsSend-6"
  >
    <form
      className="Action-form-4"
      onSubmit={[Function]}
    >
      <span
        className="Action-sendTitle-7"
      >
        Send now
      </span>
      <div
        className="Action-sendAddress-8"
      >
        <input
          className="Action-sendAddressField-9"
          onBlur={[Function]}
          onChange={[Function]}
          onDragStart={[Function]}
          onDrop={[Function]}
          onFocus={[Function]}
          placeholder="Put address you want to send the money"
          type="text"
          value=""
        />
      </div>
      <div>
        <input
          className="Action-sendAmmountField-10"
          onBlur={[Function]}
          onChange={[Function]}
          onDragStart={[Function]}
          onDrop={[Function]}
          onFocus={[Function]}
          placeholder="Set ammount"
          type="text"
          value=""
        />
      </div>
      <button
        className="Action-sendBtn-12"
        type="submit"
      >
        Send money
      </button>
    </form>
  </div>
  <div
    className="Action-actionsInvoice-14"
  >
    <span
      className="Action-invoiceTitle-15"
    >
      Invoice
    </span>
    <div>
      <input
        className="Action-invoiceAmmountField-11"
        placeholder="Set ammount you need to receive"
        type="text"
      />
    </div>
    <a
      className="Action-invoiceBtn-13"
      href="/"
    >
      Generate link
    </a>
  </div>
</div>
`;
