// Jest Snapshot v1, https://goo.gl/fbAQLP

exports[`renders correctly 1`] = `
<div
  className="containerStreamWrap"
>
  <div
    className="containerTradeWrap"
  >
    <div
      className="containerTrade"
    >
      <header
        className="Stream-headerStream-2"
      >
        <ul
          className="MenuNavigation-root-3 dark"
        >
          <li
            className={undefined}
          >
            <div
              className="MenuNavigation-logout-12"
              onClick={[Function]}
            >
              Logout
            </div>
          </li>
          <li>
            <a
              className="MenuNavigation-headerMenuItem-4"
              href="/"
              onClick={[Function]}
            >
              <i
                className="MenuNavigation-menuIcon-5 MenuNavigation-dashboard-6"
              />
              <br />
               Dashboard
            </a>
          </li>
          <li>
            <a
              className="MenuNavigation-headerMenuItem-4"
              href="/"
              onClick={[Function]}
            >
              <i
                className="MenuNavigation-menuIcon-5 MenuNavigation-walletIcon-7"
              />
              <br />
               Wallet
            </a>
          </li>
          <li>
            <a
              className="MenuNavigation-headerMenuItem-4"
              href="/"
              onClick={[Function]}
            >
              <i
                className="MenuNavigation-menuIcon-5 MenuNavigation-shop-8"
              />
              <br />
               Shop
            </a>
          </li>
          <li>
            <a
              className="MenuNavigation-headerMenuItem-4"
              href="/games"
              onClick={[Function]}
            >
              <i
                className="MenuNavigation-menuIcon-5 MenuNavigation-games-9"
              />
              <br />
               Games
            </a>
          </li>
          <li>
            <a
              className="MenuNavigation-headerMenuItem-4"
              href="/"
              onClick={[Function]}
            >
              <i
                className="MenuNavigation-menuIcon-5 MenuNavigation-friends-10"
              />
              <br />
               Friends
            </a>
          </li>
          <li>
            <a
              className="MenuNavigation-headerMenuItem-4"
              href="/"
              onClick={[Function]}
            >
              <i
                className="MenuNavigation-menuIcon-5 MenuNavigation-settings-11"
              />
              <br />
               Settings
            </a>
          </li>
        </ul>
        <div
          className="HeaderStream-root-13"
        >
          <div
            className="HeaderStream-streamUserBlock-14"
          >
            <p
              className="HeaderStream-streamUserHello-15"
            >
               Hello, Ben A 
              <br />
              <span
                className="HeaderStream-streamUserVerification-17"
              >
                KYC VERIFICATED
              </span>
            </p>
            <div
              className="HeaderStream-streamUserPhoto-19"
            >
              <img
                alt=""
                src="user.png"
              />
            </div>
            <p
              className="HeaderStream-streamUserBallance-16"
            >
               764.23 DCB 
              <br />
              <span
                className="HeaderStream-streamUserBallDescr-18"
              >
                YOUR BALANCE
              </span>
            </p>
          </div>
        </div>
      </header>
      <main
        className="streamMain"
      >
        <div
          className="streamBettingTop"
        >
          <div
            className="streamLeftTeam"
          >
            <div>
              <div
                className="streamTeamName"
              >
                <img
                  alt=""
                  className="streamLogo"
                  src="leftTeamLogo.png"
                />
                NRG
              </div>
              <div
                className="streamCountry"
              >
                <img
                  alt=""
                  className="streamFlag"
                  src="leftTeamFlag.png"
                />
                France
              </div>
            </div>
          </div>
          <div
            className="streamCoef"
          >
            <div
              className="streamCoefItem"
            >
              6.17
            </div>
            <div
              className="streamVersus"
            >
              vs
            </div>
            <div
              className="streamCoefItem"
            >
              1.25
            </div>
          </div>
          <div
            className="streamRightTeam"
          >
            <div
              className="streamRightTeam"
            >
              <div>
                <div
                  className="streamTeamName"
                >
                  <img
                    alt=""
                    className="streamLogo"
                    src="rightTeamLogo.png"
                  />
                  LDLC
                </div>
                <div
                  className="streamCountry"
                >
                  <img
                    alt=""
                    className="streamFlag"
                    src="rightTeamFlag.png"
                  />
                  Spain
                </div>
              </div>
            </div>
            <div
              className="streamLive"
            >
              Live
            </div>
          </div>
          <div
            className="streamEvent"
          >
            Event:
            <img
              src="streamEvent.png"
            />
          </div>
        </div>
        <div
          className="streamContent"
        >
          <img
            alt=""
            src="stream-image.png"
          />
        </div>
        <div
          className="streamDescription"
        >
          <div
            className="streamDescriptionLeft"
          >
            <div
              className="streamDescriptionText"
            >
              Integer tempor semper sapien sit amet bibendum. Etiam ornare tellus at sapien vehicula, quis scelerisque turpis rokaste egestas quis botona.
            </div>
            <div
              className="streamHashTags"
            >
              #ROLLED #BESTCRYPTO #ETH
               
              <div
                className="streamAddHashTags"
              >
                +
              </div>
            </div>
          </div>
          <div
            className="streamDescriptionRight"
          >
            <div
              className="streamAddFavorites"
            >
              Add to favorites
            </div>
            <div
              className="streamShareSocial"
            >
              Share in social
            </div>
          </div>
        </div>
        <div
          className="streamTmpTabs"
        >
          <img
            alt=""
            src="tmp-stream-tabs.png"
          />
        </div>
      </main>
    </div>
  </div>
  <footer
    className="gameFooter"
  >
    <ul
      className="footerNav"
    >
      <li>
        <a
          className="footerNavItem"
          href="#"
        >
          Dashboard
        </a>
      </li>
      <li>
        <a
          className="footerNavItem"
          href="#"
        >
          Wallet
        </a>
      </li>
      <li>
        <a
          className="footerNavItem"
          href="#"
        >
          Shop
        </a>
      </li>
      <li>
        <a
          className="footerNavItem"
          href="#"
        >
          Games
        </a>
      </li>
      <li>
        <a
          className="footerNavItem"
          href="#"
        >
          Friends
        </a>
      </li>
      <li>
        <a
          className="footerNavItem footerNavSettings "
          href="#"
        >
          Settings
        </a>
      </li>
    </ul>
    <span
      className="copyrightGameFooter"
    >
      Vault. All Rights Reserved 2018
    </span>
  </footer>
</div>
`;
