// Jest Snapshot v1, https://goo.gl/fbAQLP

exports[`renders correctly 1`] = `
<div
  className="containerStreamWrap"
>
  <div
    className="Stream-containerTradeWrap-2"
  >
    <div
      className="Stream-containerTrade-3"
    >
      <header
        className="Stream-headerStream-1"
      >
        <ul
          className="MenuNavigation-root-5 dark"
        >
          <li
            className={undefined}
          >
            <div
              className="MenuNavigation-logout-14"
              onClick={[Function]}
            >
              Logout
            </div>
          </li>
          <li>
            <a
              className="MenuNavigation-headerMenuItem-6"
              href="/"
              onClick={[Function]}
            >
              <i
                className="MenuNavigation-menuIcon-7 MenuNavigation-dashboard-8"
              />
              <br />
               Dashboard
            </a>
          </li>
          <li>
            <a
              className="MenuNavigation-headerMenuItem-6"
              href="/"
              onClick={[Function]}
            >
              <i
                className="MenuNavigation-menuIcon-7 MenuNavigation-walletIcon-9"
              />
              <br />
               Wallet
            </a>
          </li>
          <li>
            <a
              className="MenuNavigation-headerMenuItem-6"
              href="/"
              onClick={[Function]}
            >
              <i
                className="MenuNavigation-menuIcon-7 MenuNavigation-shop-10"
              />
              <br />
               Shop
            </a>
          </li>
          <li>
            <a
              className="MenuNavigation-headerMenuItem-6"
              href="/games"
              onClick={[Function]}
            >
              <i
                className="MenuNavigation-menuIcon-7 MenuNavigation-games-11"
              />
              <br />
               Games
            </a>
          </li>
          <li>
            <a
              className="MenuNavigation-headerMenuItem-6"
              href="/"
              onClick={[Function]}
            >
              <i
                className="MenuNavigation-menuIcon-7 MenuNavigation-friends-12"
              />
              <br />
               Friends
            </a>
          </li>
          <li>
            <a
              className="MenuNavigation-headerMenuItem-6"
              href="/"
              onClick={[Function]}
            >
              <i
                className="MenuNavigation-menuIcon-7 MenuNavigation-settings-13"
              />
              <br />
               Settings
            </a>
          </li>
        </ul>
      </header>
      <main
        className="Stream-streamMain-4"
      >
        <div
          className="StreamBettingTop-root-15"
        >
          <div
            className="StreamBettingTop-streamLeftTeam-16"
          >
            <div>
              <div
                className="StreamBettingTop-streamTeamName-18"
              >
                <img
                  alt=""
                  className="StreamBettingTop-streamLeftLogo-17"
                  src="leftTeamLogo.png"
                />
                NRG
              </div>
              <div
                className="StreamBettingTop-streamCountry-19"
              >
                <img
                  alt=""
                  className="StreamBettingTop-streamFlag-20"
                  src="leftTeamFlag.png"
                />
                France
              </div>
            </div>
          </div>
          <div
            className="StreamBettingTop-streamCoef-21"
          >
            <div
              className="StreamBettingTop-streamCoefItem-22"
            >
              6.17
            </div>
            <div
              className="StreamBettingTop-streamVersus-23"
            >
              vs
            </div>
            <div
              className="StreamBettingTop-streamCoefItem-22"
            >
              1.25
            </div>
          </div>
          <div
            className="StreamBettingTop-streamRightTeam-24"
          >
            <div
              className="StreamBettingTop-streamRightTeam-24"
            >
              <div>
                <div
                  className="StreamBettingTop-streamTeamName-18"
                >
                  <img
                    alt=""
                    className="StreamBettingTop-streamRightLogo-25"
                    src="rightTeamLogo.png"
                  />
                  LDLC
                </div>
                <div
                  className="StreamBettingTop-streamCountry-19"
                >
                  <img
                    alt=""
                    className="StreamBettingTop-streamFlag-20"
                    src="rightTeamFlag.png"
                  />
                  Spain
                </div>
              </div>
            </div>
            <div
              className="StreamBettingTop-streamLive-26"
            >
              Live
            </div>
          </div>
          <div
            className="StreamBettingTop-streamEvent-27"
          >
            Event:
            <img
              alt=""
              src="streamEvent.png"
            />
          </div>
        </div>
        <div
          className="StreamScreen-root-28"
        >
          <img
            alt=""
            src="stream-image.png"
          />
        </div>
        <div
          className="StreamDescription-root-29"
        >
          <div
            className="StreamDescription-streamDescriptionLeft-30"
          >
            <div
              className="StreamDescription-streamDescriptionText-31"
            >
              Integer tempor semper sapien sit amet bibendum. Etiam ornare tellus at sapien vehicula, quis scelerisque turpis rokaste egestas quis botona.
            </div>
            <div
              className="StreamDescription-streamHashTags-32"
            >
              #ROLLED #BESTCRYPTO #ETH
               
              <div
                className="StreamDescription-streamAddHashTags-33"
              >
                +
              </div>
            </div>
          </div>
          <div
            className="StreamDescription-streamDescriptionRight-34"
          >
            <div
              className="StreamDescription-streamAddFavorites-35"
            >
              Add to favorites
            </div>
            <div
              className="StreamDescription-streamShareSocial-36"
            >
              Share in social
            </div>
          </div>
        </div>
        <div
          className="StreamTabs-root-37"
        >
          <div
            className="StreamTabs-streamTabsTop-38"
          >
            <div
              className="StreamTabs-streamTabsUpcom-39"
              href="#"
            >
              UPCOMING GAMES
            </div>
            <div
              className="StreamTabs-streamTabsResult-40"
              href="#"
            >
              RESULTS
            </div>
          </div>
          <div
            className="StreamTabsBottom-root-41"
          >
            <div
              className="StreamTabsNav-root-42"
            >
              <div
                className="StreamTabsNav-streamTabsNavItem-43 StreamTabsNav-liveNow-44"
              >
                LIVE NOW 
                <span
                  className={undefined}
                >
                  2
                </span>
              </div>
              <div
                className="StreamTabsNav-streamTabsNavItem-43 StreamTabsNav-allGames-45"
              >
                ALL GAMES 
                <span
                  className={undefined}
                >
                  2
                </span>
              </div>
              <div
                className="StreamTabsNav-streamTabsNavItem-43 StreamTabsNav-dota2-46"
              >
                DOTA 2
                <span
                  className={undefined}
                >
                  2
                </span>
              </div>
              <div
                className="StreamTabsNav-streamTabsNavItem-43 StreamTabsNav-starcraft2-47"
              >
                STARCRAFT 2 
                <span
                  className={undefined}
                >
                  2
                </span>
              </div>
              <div
                className="StreamTabsNav-streamTabsNavItem-43 StreamTabsNav-overwatch-48"
              >
                OVERWATCH 
                <span
                  className={undefined}
                >
                  2
                </span>
              </div>
              <div
                className="StreamTabsNav-streamTabsNavItem-43 StreamTabsNav-rainbowSix-49"
              >
                RAINBOW SIX 
                <span
                  className={undefined}
                >
                  2
                </span>
              </div>
              <div
                className="StreamTabsNav-streamTabsNavItem-43 StreamTabsNav-csGo-51 StreamTabsNav-streamTabsNavActive-50"
              >
                CS:GO
                <span
                  className={undefined}
                >
                  2
                </span>
              </div>
            </div>
            <div
              className="StreamLive-root-52"
            >
              <div
                className={undefined}
              >
                <div
                  className=""
                >
                  Live
                </div>
                <div
                  className=""
                >
                  <div
                    className={undefined}
                  >
                    NRG
                  </div>
                  <div
                    className=""
                  >
                    France
                  </div>
                </div>
                <div
                  className={undefined}
                >
                  6.14
                </div>
                <div
                  className={undefined}
                >
                  VS
                </div>
                <div
                  className={undefined}
                >
                  1.25
                </div>
                <div
                  className=""
                >
                  <div
                    className={undefined}
                  >
                    LDLC
                  </div>
                  <div
                    className=""
                  >
                    Spain
                  </div>
                </div>
                <div
                  className={undefined}
                >
                  EVENT
                </div>
                <div
                  className={undefined}
                />
              </div>
              <div
                className={undefined}
              >
                <div
                  className=""
                >
                  12:30 PM
                   
                  <br />
                  <span
                    className="dateDay"
                  >
                    7/12/2018
                  </span>
                </div>
                <div
                  className=""
                >
                  <div
                    className={undefined}
                  >
                    NRG
                  </div>
                  <div
                    className=""
                  >
                    France
                  </div>
                </div>
                <div
                  className={undefined}
                >
                  6.14
                </div>
                <div
                  className={undefined}
                >
                  VS
                </div>
                <div
                  className={undefined}
                >
                  1.25
                </div>
                <div
                  className=""
                >
                  <div
                    className={undefined}
                  >
                    LDLC
                  </div>
                  <div
                    className=""
                  >
                    Spain
                  </div>
                </div>
                <div
                  className={undefined}
                >
                  EVENT
                </div>
                <div
                  className={undefined}
                />
              </div>
              <div
                className={undefined}
              >
                <div
                  className=""
                >
                  Live
                </div>
                <div
                  className=""
                >
                  <div
                    className={undefined}
                  >
                    NRG
                  </div>
                  <div
                    className=""
                  >
                    France
                  </div>
                </div>
                <div
                  className={undefined}
                >
                  6.14
                </div>
                <div
                  className={undefined}
                >
                  VS
                </div>
                <div
                  className={undefined}
                >
                  1.25
                </div>
                <div
                  className=""
                >
                  <div
                    className={undefined}
                  >
                    LDLC
                  </div>
                  <div
                    className=""
                  >
                    Spain
                  </div>
                </div>
                <div
                  className={undefined}
                >
                  EVENT
                </div>
                <div
                  className={undefined}
                />
              </div>
              <div
                className={undefined}
              >
                <div
                  className=""
                >
                  12:30 PM
                   
                  <br />
                  <span
                    className="dateDay"
                  >
                    7/12/2018
                  </span>
                </div>
                <div
                  className=""
                >
                  <div
                    className={undefined}
                  >
                    NRG
                  </div>
                  <div
                    className=""
                  >
                    France
                  </div>
                </div>
                <div
                  className={undefined}
                >
                  6.14
                </div>
                <div
                  className={undefined}
                >
                  VS
                </div>
                <div
                  className={undefined}
                >
                  1.25
                </div>
                <div
                  className=""
                >
                  <div
                    className={undefined}
                  >
                    LDLC
                  </div>
                  <div
                    className=""
                  >
                    Spain
                  </div>
                </div>
                <div
                  className={undefined}
                >
                  EVENT
                </div>
                <div
                  className={undefined}
                />
              </div>
              <div
                className={undefined}
              >
                <div
                  className=""
                >
                  Live
                </div>
                <div
                  className=""
                >
                  <div
                    className={undefined}
                  >
                    NRG
                  </div>
                  <div
                    className=""
                  >
                    France
                  </div>
                </div>
                <div
                  className={undefined}
                >
                  6.14
                </div>
                <div
                  className={undefined}
                >
                  VS
                </div>
                <div
                  className={undefined}
                >
                  1.25
                </div>
                <div
                  className=""
                >
                  <div
                    className={undefined}
                  >
                    LDLC
                  </div>
                  <div
                    className=""
                  >
                    Spain
                  </div>
                </div>
                <div
                  className={undefined}
                >
                  EVENT
                </div>
                <div
                  className={undefined}
                />
              </div>
              <div
                className={undefined}
              >
                <div
                  className=""
                >
                  12:30 PM
                   
                  <br />
                  <span
                    className="dateDay"
                  >
                    7/12/2018
                  </span>
                </div>
                <div
                  className=""
                >
                  <div
                    className={undefined}
                  >
                    NRG
                  </div>
                  <div
                    className=""
                  >
                    France
                  </div>
                </div>
                <div
                  className={undefined}
                >
                  6.14
                </div>
                <div
                  className={undefined}
                >
                  VS
                </div>
                <div
                  className={undefined}
                >
                  1.25
                </div>
                <div
                  className=""
                >
                  <div
                    className={undefined}
                  >
                    LDLC
                  </div>
                  <div
                    className=""
                  >
                    Spain
                  </div>
                </div>
                <div
                  className={undefined}
                >
                  EVENT
                </div>
                <div
                  className={undefined}
                />
              </div>
              <div
                className={undefined}
              >
                <div
                  className=""
                >
                  Live
                </div>
                <div
                  className=""
                >
                  <div
                    className={undefined}
                  >
                    NRG
                  </div>
                  <div
                    className=""
                  >
                    France
                  </div>
                </div>
                <div
                  className={undefined}
                >
                  6.14
                </div>
                <div
                  className={undefined}
                >
                  VS
                </div>
                <div
                  className={undefined}
                >
                  1.25
                </div>
                <div
                  className=""
                >
                  <div
                    className={undefined}
                  >
                    LDLC
                  </div>
                  <div
                    className=""
                  >
                    Spain
                  </div>
                </div>
                <div
                  className={undefined}
                >
                  EVENT
                </div>
                <div
                  className={undefined}
                />
              </div>
              <div
                className={undefined}
              >
                <div
                  className=""
                >
                  12:30 PM
                   
                  <br />
                  <span
                    className="dateDay"
                  >
                    7/12/2018
                  </span>
                </div>
                <div
                  className=""
                >
                  <div
                    className={undefined}
                  >
                    NRG
                  </div>
                  <div
                    className=""
                  >
                    France
                  </div>
                </div>
                <div
                  className={undefined}
                >
                  6.14
                </div>
                <div
                  className={undefined}
                >
                  VS
                </div>
                <div
                  className={undefined}
                >
                  1.25
                </div>
                <div
                  className=""
                >
                  <div
                    className={undefined}
                  >
                    LDLC
                  </div>
                  <div
                    className=""
                  >
                    Spain
                  </div>
                </div>
                <div
                  className={undefined}
                >
                  EVENT
                </div>
                <div
                  className={undefined}
                />
              </div>
              <div
                className={undefined}
              >
                <div
                  className=""
                >
                  Live
                </div>
                <div
                  className=""
                >
                  <div
                    className={undefined}
                  >
                    NRG
                  </div>
                  <div
                    className=""
                  >
                    France
                  </div>
                </div>
                <div
                  className={undefined}
                >
                  6.14
                </div>
                <div
                  className={undefined}
                >
                  VS
                </div>
                <div
                  className={undefined}
                >
                  1.25
                </div>
                <div
                  className=""
                >
                  <div
                    className={undefined}
                  >
                    LDLC
                  </div>
                  <div
                    className=""
                  >
                    Spain
                  </div>
                </div>
                <div
                  className={undefined}
                >
                  EVENT
                </div>
                <div
                  className={undefined}
                />
              </div>
              <div
                className={undefined}
              >
                <div
                  className=""
                >
                  12:30 PM
                   
                  <br />
                  <span
                    className="dateDay"
                  >
                    7/12/2018
                  </span>
                </div>
                <div
                  className=""
                >
                  <div
                    className={undefined}
                  >
                    NRG
                  </div>
                  <div
                    className=""
                  >
                    France
                  </div>
                </div>
                <div
                  className={undefined}
                >
                  6.14
                </div>
                <div
                  className={undefined}
                >
                  VS
                </div>
                <div
                  className={undefined}
                >
                  1.25
                </div>
                <div
                  className=""
                >
                  <div
                    className={undefined}
                  >
                    LDLC
                  </div>
                  <div
                    className=""
                  >
                    Spain
                  </div>
                </div>
                <div
                  className={undefined}
                >
                  EVENT
                </div>
                <div
                  className={undefined}
                />
              </div>
            </div>
          </div>
        </div>
      </main>
    </div>
  </div>
  <footer
    className="Footer-root-53"
  >
    <ul
      className="Footer-footerNav-54"
    >
      <li>
        <a
          className="Footer-footerNavItem-55"
          href="/"
          onClick={[Function]}
        >
          Dashboard
        </a>
      </li>
      <li>
        <a
          className="Footer-footerNavItem-55"
          href="/"
          onClick={[Function]}
        >
          Wallet
        </a>
      </li>
      <li>
        <a
          className="Footer-footerNavItem-55"
          href="/"
          onClick={[Function]}
        >
          Shop
        </a>
      </li>
      <li>
        <a
          className="Footer-footerNavItem-55"
          href="/games"
          onClick={[Function]}
        >
          Games
        </a>
      </li>
      <li>
        <a
          className="Footer-footerNavItem-55"
          href="/"
          onClick={[Function]}
        >
          Friends
        </a>
      </li>
      <li>
        <a
          className="Footer-footerNavItem-55"
          href="/"
          onClick={[Function]}
        >
          Settings
        </a>
      </li>
    </ul>
    <span
      className={undefined}
    >
      Vault. All Rights Reserved 2018
    </span>
  </footer>
</div>
`;
