// Jest Snapshot v1, https://goo.gl/fbAQLP

exports[`renders correctly 1`] = `
<div
  className="Game-root-1"
>
  <div
    className="Game-containerGame-2"
  >
    <header
      className="Game-headerGame-3"
    >
      <ul
        className="MenuNavigation-root-9 dark"
      >
        <li
          className={undefined}
        >
          <div
            className="MenuNavigation-logout-18"
            onClick={[Function]}
          >
            Logout
          </div>
        </li>
        <li>
          <a
            className="MenuNavigation-headerMenuItem-10"
            href="/"
            onClick={[Function]}
          >
            <i
              className="MenuNavigation-menuIcon-11 MenuNavigation-dashboard-12"
            />
            <br />
             Dashboard
          </a>
        </li>
        <li>
          <a
            className="MenuNavigation-headerMenuItem-10"
            href="/"
            onClick={[Function]}
          >
            <i
              className="MenuNavigation-menuIcon-11 MenuNavigation-walletIcon-13"
            />
            <br />
             Wallet
          </a>
        </li>
        <li>
          <a
            className="MenuNavigation-headerMenuItem-10"
            href="/"
            onClick={[Function]}
          >
            <i
              className="MenuNavigation-menuIcon-11 MenuNavigation-shop-14"
            />
            <br />
             Shop
          </a>
        </li>
        <li>
          <a
            className="MenuNavigation-headerMenuItem-10"
            href="/games"
            onClick={[Function]}
          >
            <i
              className="MenuNavigation-menuIcon-11 MenuNavigation-games-15"
            />
            <br />
             Games
          </a>
        </li>
        <li>
          <a
            className="MenuNavigation-headerMenuItem-10"
            href="/"
            onClick={[Function]}
          >
            <i
              className="MenuNavigation-menuIcon-11 MenuNavigation-friends-16"
            />
            <br />
             Friends
          </a>
        </li>
        <li>
          <a
            className="MenuNavigation-headerMenuItem-10"
            href="/"
            onClick={[Function]}
          >
            <i
              className="MenuNavigation-menuIcon-11 MenuNavigation-settings-17"
            />
            <br />
             Settings
          </a>
        </li>
      </ul>
      <div
        className="Game-gameHeaderMain-4"
      >
        <div
          className="RollTop-root-19"
        >
          <div
            className="RollTop-gameRollImg-20"
          >
            <img
              alt=""
              src="slider_slot_4clover_m.jpg"
            />
          </div>
          <div
            className="RollTop-gameRollInf-21"
          >
            <div
              className="RollTop-gameUser-22"
            >
              <div
                className="RollTop-gameUserBlock-23"
              >
                <p
                  className="RollTop-gameUserHello-24"
                >
                   Hello, Ben A 
                  <br />
                  <span
                    className="RollTop-gameUserVerification-26"
                  >
                    KYC VERIFICATED
                  </span>
                </p>
                <div
                  className="RollTop-gameUserPhoto-28"
                >
                  <img
                    alt=""
                    src="user.png"
                  />
                </div>
                <p
                  className="RollTop-gameUserBallance-25"
                >
                   764.23 DCB 
                  <br />
                  <span
                    className="RollTop-gameUserBallDescr-27"
                  >
                    YOUR BALANCE
                  </span>
                </p>
              </div>
            </div>
            <div
              className="RollTop-gameRollNext-29"
            >
              <p>
                next roll in: 
                <span
                  className="RollTop-gameRollNextCounter-30"
                >
                  00:00:23.12
                </span>
              </p>
            </div>
            <div
              className="RollTop-gameRollDescr-31"
            >
              <div
                className="RollTop-gameRollDescrleft-32"
              >
                <div
                  className="RollTop-gameRollTitleBlock-33"
                >
                  <p
                    className="RollTop-gameRollTitle-34"
                  >
                    4Clover
                  </p>
                  <span
                    className="RollTop-gameRollOnline-35"
                  >
                    online: 234
                  </span>
                  <br />
                  <span
                    className="RollTop-gameRollCompany-36"
                  >
                    by Fall Inc.
                  </span>
                </div>
                <div
                  className="RollTop-gameRollText-37"
                >
                  <p>
                    Integer tempor semper sapien sit amet bibendum. Etiam ornare teInteger tempor semper sapien sit amet bibendum. Etiam ornare te et bibendum. Etiam ornare te
                  </p>
                </div>
                <div
                  className="RollTop-gameRollTags-38"
                >
                  <p>
                    #ROLLED #BESTCRYPTO #ETH 
                  </p>
                </div>
              </div>
              <div
                className="RollTop-gameRollRating-39"
              >
                <p
                  className="RollTop-ratingValue-40"
                >
                  <span
                    className="RollTop-ratingValueNum-41"
                  >
                    6.5
                  </span>
                  <span
                    className="RollTop-ratingValueFull-42"
                  >
                    /7
                  </span>
                </p>
                <div
                  className="RollTop-ratingStars-43"
                >
                  <div
                    className="RollTop-fullStars-44"
                  />
                  <div
                    className="RollTop-halfStars-45"
                  />
                </div>
                <span
                  className="RollTop-ratingCategory-46"
                >
                  DICE CATEGORY
                </span>
              </div>
            </div>
          </div>
        </div>
        <div
          className="RollBottom-root-47"
        >
          <div
            className="RollBottom-gameRollActions-48"
          >
            <div
              className="RollBottom-playNowBtn-49"
              onClick={[Function]}
            >
              Play Now
            </div>
            <a
              className="RollBottom-addBtn-50"
              href="/"
              onClick={[Function]}
            >
              Add to favorites
            </a>
          </div>
          <div
            className="RollBottom-gameRollSlider-51"
            id="scrollSlider"
            tabIndex="5000"
          >
            <a
              className="RollBottom-sliderItem-52"
              href="/"
              onClick={[Function]}
            >
              <img
                alt=""
                className="RollBottom-sliderItemPhoto-53"
                src="SliderItemImg1"
              />
            </a>
            <a
              className="RollBottom-sliderItem-52"
              href="/"
              onClick={[Function]}
            >
              <img
                alt=""
                className="RollBottom-sliderItemPhoto-53"
                src="SliderItemImg1"
              />
            </a>
            <a
              className="RollBottom-sliderItem-52"
              href="/"
              onClick={[Function]}
            >
              <img
                alt=""
                className="RollBottom-sliderItemPhoto-53"
                src="SliderItemImg1"
              />
            </a>
            <a
              className="RollBottom-sliderItem-52"
              href="/"
              onClick={[Function]}
            >
              <img
                alt=""
                className="RollBottom-sliderItemPhoto-53"
                src="SliderItemImg1"
              />
            </a>
            <a
              className="RollBottom-sliderItem-52"
              href="/"
              onClick={[Function]}
            >
              <img
                alt=""
                className="RollBottom-sliderItemPhoto-53"
                src="SliderItemImg1"
              />
            </a>
            <a
              className="RollBottom-sliderItem-52"
              href="/"
              onClick={[Function]}
            >
              <img
                alt=""
                className="RollBottom-sliderItemPhoto-53"
                src="SliderItemImg1"
              />
            </a>
            <a
              className="RollBottom-sliderItem-52"
              href="/"
              onClick={[Function]}
            >
              <img
                alt=""
                className="RollBottom-sliderItemPhoto-53"
                src="SliderItemImg1"
              />
            </a>
          </div>
        </div>
      </div>
    </header>
    <main
      className="Game-gameMain-5"
    >
      <div
        className="GameCounter-root-54"
      >
        <div
          className="GameCounter-counterWins-57"
        >
          <p
            className="GameCounter-counterBiggestWin-58"
          >
            <span
              className="GameCounter-counterValue-62"
            >
              4666.78 dcb
            </span>
             
            <br />
             BIGGEST WIN 
            <br />
             FOR ALL TIME
          </p>
        </div>
        <div
          className="GameCounter-counterHours-55"
        >
          <p
            className="GameCounter-counterHoursVolume-59"
          >
            <span
              className="GameCounter-counterValue-62"
            >
              167.12 dcb
            </span>
             
            <br />
             VOLUME OF 
            <br />
            24 HOURS
          </p>
        </div>
        <div
          className="GameCounter-counterContracts-56"
        >
          <p
            className="GameCounter-counterContractsVolume-60"
          >
            <span
              className="GameCounter-counterValue-62"
            >
              20243.12 dcb
            </span>
             
            <br />
             ALL VOLUME OF 
            <br />
             SMART CONTRACT
          </p>
          <br />
          <a
            className="GameCounter-counterContractsLink-61"
            href="/"
            onClick={[Function]}
          >
            0x7fdcd2a1e52f10c28cb7732f46393e297ecadda1
          </a>
        </div>
      </div>
      <div
        className="GameComments-root-63"
      >
        <div
          className="GameComments-commentItem-64 GameComments-comment1-65"
        >
          <a
            className="GameComments-commentUser-66"
            href="/"
            onClick={[Function]}
          >
            <img
              alt=""
              className="GameComments-commentUserPhoto-67"
              src="UserImg"
            />
          </a>
          <div
            className="GameComments-commentTitle-68"
          >
            <span
              className="GameComments-commentTitleText-69"
            >
              Ben F.
               says:
            </span>
            <time
              className="GameComments-commentDate-70"
              dateTime="2018-05-22 13:30"
            >
              22 May 2018 12:03
            </time>
          </div>
          <p
            className={undefined}
          >
            Curabitur tincidunt orci quis odio aliquet placerat. Nullam laoreet justo eros, quis semper turpis gravida eget. Ut ullamcorper nibho a massa tincidunt malesuada. In nunc velit basank. s semper turpis gravida eget. Ut ullamcorper nibho a massa tincidunt malesuada. In nunc velit basank.
          </p>
          <a
            className="GameComments-commentLike-72"
            href="/"
            onClick={[Function]}
          >
             
            <span
              className="GameComments-likeValue-73"
            >
              5
            </span>
             Like
          </a>
          <a
            className="GameComments-subComment-71"
            href="/"
            onClick={[Function]}
          >
            <span
              className="GameComments-commentValue-74"
            >
              7
            </span>
             Comment
          </a>
        </div>
        <div
          className="GameComments-commentItem-64 GameComments-comment2-75"
        >
          <a
            className="GameComments-commentUser-66"
            href="/"
            onClick={[Function]}
          >
            <img
              alt=""
              className="GameComments-commentUserPhoto-67"
              src="UserImg"
            />
          </a>
          <div
            className="GameComments-commentTitle-68"
          >
            <span
              className="GameComments-commentTitleText-69"
            >
              Thomas D.
               says:
            </span>
            <time
              className="GameComments-commentDate-70"
              dateTime="2018-05-22 13:30"
            >
              22 May 2018 12:03
            </time>
          </div>
          <p
            className={undefined}
          >
            Nulla non pellentesque sem, sed aliquet justo. Praesent egestas purus et bibendum tempus.Interdum et malesuada fames ac ante ipsum primis in faucibus.
          </p>
          <a
            className="GameComments-commentLike-72"
            href="/"
            onClick={[Function]}
          >
             
            <span
              className="GameComments-likeValue-73"
            >
              5
            </span>
             Like
          </a>
          <a
            className="GameComments-subComment-71"
            href="/"
            onClick={[Function]}
          >
            <span
              className="GameComments-commentValue-74"
            >
              7
            </span>
             Comment
          </a>
        </div>
      </div>
    </main>
  </div>
</div>
`;
