// Jest Snapshot v1, https://goo.gl/fbAQLP

exports[`renders correctly 1`] = `
<main>
  <div
    className="Dashboard-root-1"
  >
    <div
      className="Wallet-root-2"
    >
      <div
        className="Wallet-wallet-3"
      >
        <div
          className="Wallet-walletTitle-4"
        >
          <p>
            My Address:
          </p>
        </div>
        <div
          className="Wallet-walletAddress-5"
        />
        <div
          className="MuiInputBase-root-33 MuiInput-root-20 MuiInput-underline-24 Wallet-selectCurency-6"
          onClick={[Function]}
        >
          <div
            className="MuiSelect-root-13"
          >
            <div
              aria-haspopup="true"
              aria-pressed="false"
              className="Wallet-selectField-8"
              id="select-curency"
              onBlur={[Function]}
              onClick={[Function]}
              onFocus={[Function]}
              onKeyDown={[Function]}
              role="button"
              tabIndex={0}
            >
              <span
                dangerouslySetInnerHTML={
                  Object {
                    "__html": "&#8203;",
                  }
                }
              />
            </div>
            <input
              id="curencyDropdownWallet"
              name="curency"
              type="hidden"
              value="DCB"
            />
            <i
              className="Wallet-curencyIcon-9"
            />
          </div>
        </div>
        <ul
          className="Wallet-walletNav-11"
        >
          <li>
            <div
              className="Wallet-walletNavItem-12"
              onClick={[Function]}
            >
              DCB
            </div>
          </li>
          <li>
            <div
              className="Wallet-walletNavItem-12"
              onClick={[Function]}
            >
              USD
            </div>
          </li>
          <li>
            <div
              className="Wallet-walletNavItem-12"
              onClick={[Function]}
            >
              EUR
            </div>
          </li>
          <li>
            <div
              className="Wallet-walletNavItem-12"
              onClick={[Function]}
            >
              CPT
            </div>
          </li>
        </ul>
      </div>
      <div
        className="Action-root-54"
      >
        <div
          className="Action-actionsSend-59"
        >
          <form
            className="Action-form-57"
            onSubmit={[Function]}
          >
            <span
              className="Action-sendTitle-60"
            >
              Send now
            </span>
            <div
              className="Action-wrSendField-61"
            >
              <label
                htmlFor="addressKey"
              >
                Address:
              </label>
              <input
                className="Action-sendAddressField-62"
                onBlur={[Function]}
                onChange={[Function]}
                onDragStart={[Function]}
                onDrop={[Function]}
                onFocus={[Function]}
                placeholder="Put address you want to send the money"
                type="text"
                value=""
              />
            </div>
            <div
              className="Action-wrSendField-61"
            >
              <label
                htmlFor="amount"
              >
                Amount:
              </label>
              <input
                className="Action-sendAmmountField-63"
                onBlur={[Function]}
                onChange={[Function]}
                onDragStart={[Function]}
                onDrop={[Function]}
                onFocus={[Function]}
                placeholder="Set ammount"
                type="text"
                value=""
              />
            </div>
            <button
              className="Action-sendBtn-65"
              type="submit"
            >
              Send money
            </button>
          </form>
        </div>
        <div
          className="Action-actionsInvoice-67"
        >
          <span
            className="Action-invoiceTitle-68"
          >
            Invoice
          </span>
          <div
            className="Action-wrSendField-61"
          >
            <label
              htmlFor="invoice"
            >
              Email:
            </label>
            <input
              className="Action-invoiceAmmountField-64"
              name="invoice"
              placeholder="Set ammount you need to receive"
              type="text"
            />
          </div>
          <button
            className="Action-sendBtn-65"
            type="submit"
          >
            Send Invoice
          </button>
        </div>
      </div>
    </div>
    <div
      className="BestAd-root-69"
    >
      <div
        className="BestAd-bestItem-70"
      >
        <div
          className="BestAd-titleWrap-71"
        >
          <a
            className="BestAd-bestTitle-72"
            href="/games"
            onClick={[Function]}
          >
            Games
          </a>
        </div>
        <div
          className="BestAd-bestContent-73"
        >
          <a
            className="BestAd-bestImg-74"
            href="/games"
            onClick={[Function]}
          >
            <img
              alt=""
              className="BestAd-bestItemImg-75"
              src="CloverLogo1"
            />
          </a>
          <a
            className="BestAd-bestLink-76"
            href="/games"
            onClick={[Function]}
          >
            Game of the day
            : 
            <br />
            <span>
              Smash Champs
            </span>
          </a>
        </div>
      </div>
      <div
        className="BestAd-bestItem-70"
      >
        <div
          className="BestAd-titleWrap-71"
        >
          <a
            className="BestAd-bestTitle-72"
            href="/stream"
            onClick={[Function]}
          >
            Shop
          </a>
        </div>
        <div
          className="BestAd-bestContent-73"
        >
          <a
            className="BestAd-bestImg-74"
            href="/stream"
            onClick={[Function]}
          >
            <img
              alt=""
              className="BestAd-bestItemImg-75"
              src="CloverLogo1"
            />
          </a>
          <a
            className="BestAd-bestLink-76"
            href="/stream"
            onClick={[Function]}
          >
            Product of the day
            : 
            <br />
            <span>
              Blue cool Jelly
            </span>
          </a>
        </div>
      </div>
    </div>
    <div
      className="Categories-root-77"
    >
      <div
        className="Categories-categories-78"
      >
        <div
          className="Categories-categTitleWrap-79"
        >
          <a
            className="Categories-categoriesTitle-80"
            href="/"
            onClick={[Function]}
          >
            Categories:
          </a>
        </div>
        <div
          className="CategorieItem-root-81"
        >
          <a
            className="CategorieItem-gameImg-82"
            href="/game/4clover"
            onClick={[Function]}
          >
            <img
              alt=""
              className="CategorieItem-gameImgLink-83"
              src="CloverLogo1"
            />
          </a>
          <a
            className="CategorieItem-gameLink-84"
            href="/game/4clover"
            onClick={[Function]}
          >
            Most popular
            : 
            <br />
             
            <span>
              4Clover
            </span>
          </a>
        </div>
        <div
          className="CategorieItem-root-81"
        >
          <a
            className="CategorieItem-gameImg-82"
            href="/game/4clover"
            onClick={[Function]}
          >
            <img
              alt=""
              className="CategorieItem-gameImgLink-83"
              src="CloverLogo1"
            />
          </a>
          <a
            className="CategorieItem-gameLink-84"
            href="/game/4clover"
            onClick={[Function]}
          >
            Most popular
            : 
            <br />
             
            <span>
              Dice games
            </span>
          </a>
        </div>
        <div
          className="CategorieItem-root-81"
        >
          <a
            className="CategorieItem-gameImg-82"
            href="/game/4clover"
            onClick={[Function]}
          >
            <img
              alt=""
              className="CategorieItem-gameImgLink-83"
              src="CloverLogo1"
            />
          </a>
          <a
            className="CategorieItem-gameLink-84"
            href="/game/4clover"
            onClick={[Function]}
          >
            For children
            : 
            <br />
             
            <span>
              Word games
            </span>
          </a>
        </div>
        <div
          className="CategorieItem-root-81"
        >
          <a
            className="CategorieItem-gameImg-82"
            href="/game/4clover"
            onClick={[Function]}
          >
            <img
              alt=""
              className="CategorieItem-gameImgLink-83"
              src="CloverLogo1"
            />
          </a>
          <a
            className="CategorieItem-gameLink-84"
            href="/game/4clover"
            onClick={[Function]}
          >
            For children
            : 
            <br />
             
            <span>
              Funny games
            </span>
          </a>
        </div>
        <div
          className="CategorieItem-root-81"
        >
          <a
            className="CategorieItem-gameImg-82"
            href="/game/4clover"
            onClick={[Function]}
          >
            <img
              alt=""
              className="CategorieItem-gameImgLink-83"
              src="CloverLogo1"
            />
          </a>
          <a
            className="CategorieItem-gameLink-84"
            href="/game/4clover"
            onClick={[Function]}
          >
            For children
            : 
            <br />
             
            <span>
              Word games
            </span>
          </a>
        </div>
        <div
          className="CategorieItem-root-81"
        >
          <a
            className="CategorieItem-gameImg-82"
            href="/game/4clover"
            onClick={[Function]}
          >
            <img
              alt=""
              className="CategorieItem-gameImgLink-83"
              src="CloverLogo1"
            />
          </a>
          <a
            className="CategorieItem-gameLink-84"
            href="/game/4clover"
            onClick={[Function]}
          >
            For children
            : 
            <br />
             
            <span>
              Word games
            </span>
          </a>
        </div>
      </div>
      <div
        className="Categories-categories-78"
      >
        <div
          className="Categories-categTitleWrap-79"
        >
          <a
            className="Categories-categoriesTitle-80"
            href="/"
            onClick={[Function]}
          >
            Categories:
          </a>
        </div>
        <div
          className="CategorieItem-root-81"
        >
          <a
            className="CategorieItem-gameImg-82"
            href="/game/4clover"
            onClick={[Function]}
          >
            <img
              alt=""
              className="CategorieItem-gameImgLink-83"
              src="CloverLogo1"
            />
          </a>
          <a
            className="CategorieItem-gameLink-84"
            href="/game/4clover"
            onClick={[Function]}
          >
            Most popular
            : 
            <br />
             
            <span>
              Loto games
            </span>
          </a>
        </div>
        <div
          className="CategorieItem-root-81"
        >
          <a
            className="CategorieItem-gameImg-82"
            href="/game/4clover"
            onClick={[Function]}
          >
            <img
              alt=""
              className="CategorieItem-gameImgLink-83"
              src="CloverLogo1"
            />
          </a>
          <a
            className="CategorieItem-gameLink-84"
            href="/game/4clover"
            onClick={[Function]}
          >
            Most popular
            : 
            <br />
             
            <span>
              Dice games
            </span>
          </a>
        </div>
        <div
          className="CategorieItem-root-81"
        >
          <a
            className="CategorieItem-gameImg-82"
            href="/game/4clover"
            onClick={[Function]}
          >
            <img
              alt=""
              className="CategorieItem-gameImgLink-83"
              src="CloverLogo1"
            />
          </a>
          <a
            className="CategorieItem-gameLink-84"
            href="/game/4clover"
            onClick={[Function]}
          >
            For children
            : 
            <br />
             
            <span>
              Word games
            </span>
          </a>
        </div>
      </div>
    </div>
  </div>
</main>
`;
