// Jest Snapshot v1, https://goo.gl/fbAQLP

exports[`renders correctly 1`] = `
<main>
  <div
    className="Dashboard-root-1"
  >
    <div
      className="Wallet-root-2"
    >
      <div
        className="Wallet-wallet-3"
      >
        <div
          className="Wallet-walletTitle-4"
        >
          <p>
            My Vault:
          </p>
        </div>
        <div
          className="Wallet-walletAddress-5"
        />
        <div
          className="MuiInputBase-root-33 MuiInput-root-20 MuiInput-underline-24 Wallet-selectCurency-6"
          onClick={[Function]}
        >
          <div
            className="MuiSelect-root-13"
          >
            <div
              aria-haspopup="true"
              aria-pressed="false"
              className="Wallet-selectField-8"
              id="select-curency"
              onBlur={[Function]}
              onClick={[Function]}
              onFocus={[Function]}
              onKeyDown={[Function]}
              role="button"
              tabIndex={0}
            >
              <span
                dangerouslySetInnerHTML={
                  Object {
                    "__html": "&#8203;",
                  }
                }
              />
            </div>
            <input
              id="curencyDropdownWallet"
              name="curency"
              type="hidden"
              value="DCB"
            />
            <i
              className="Wallet-curencyIcon-9"
            />
          </div>
        </div>
        <ul
          className="Wallet-walletNav-11"
        >
          <li>
            <div
              className="Wallet-walletNavItem-12"
              onClick={[Function]}
            >
              DCB
            </div>
          </li>
          <li>
            <div
              className="Wallet-walletNavItem-12"
              onClick={[Function]}
            >
              USD
            </div>
          </li>
          <li>
            <div
              className="Wallet-walletNavItem-12"
              onClick={[Function]}
            >
              EUR
            </div>
          </li>
          <li>
            <div
              className="Wallet-walletNavItem-12"
              onClick={[Function]}
            >
              CPT
            </div>
          </li>
        </ul>
      </div>
      <div
        className="Action-root-54"
      >
        <div
          className="Action-actionsStatistics-55"
        >
          <span
            className="Action-statisticsTitle-58"
          >
            Statistics
          </span>
          <div
            className="Action-statisticsGraph-56"
          >
            <img
              alt=""
              src="graphic.png"
            />
          </div>
        </div>
        <div
          className="Action-actionsSend-59"
        >
          <form
            className="Action-form-57"
            onSubmit={[Function]}
          >
            <span
              className="Action-sendTitle-60"
            >
              Send now
            </span>
            <div
              className="Action-sendAddress-61"
            >
              <input
                className="Action-sendAddressField-62"
                onBlur={[Function]}
                onChange={[Function]}
                onDragStart={[Function]}
                onDrop={[Function]}
                onFocus={[Function]}
                placeholder="Put address you want to send the money"
                type="text"
                value=""
              />
            </div>
            <div>
              <input
                className="Action-sendAmmountField-63"
                onBlur={[Function]}
                onChange={[Function]}
                onDragStart={[Function]}
                onDrop={[Function]}
                onFocus={[Function]}
                placeholder="Set ammount"
                type="text"
                value=""
              />
            </div>
            <button
              className="Action-sendBtn-65"
              type="submit"
            >
              Send money
            </button>
          </form>
        </div>
        <div
          className="Action-actionsInvoice-67"
        >
          <span
            className="Action-invoiceTitle-68"
          >
            Invoice
          </span>
          <div>
            <input
              className="Action-invoiceAmmountField-64"
              placeholder="Set ammount you need to receive"
              type="text"
            />
          </div>
          <a
            className="Action-invoiceBtn-66"
            href="/"
          >
            Generate link
          </a>
        </div>
      </div>
    </div>
    <div
      className="Transaction-root-69"
    >
      <div
        className="Transaction-transactionsTitle-70"
      >
         Transactions
      </div>
      <div
        className="Transaction-transactionsTable-71"
      >
        <div
          className="Transaction-tableHead-74 Transaction-tableRow-73"
        >
          <div
            className="Transaction-tableData-72 Transaction-col1-79"
          >
            to address:
          </div>
          <div
            className="Transaction-tableData-72 Transaction-col2-80"
          >
            ammount:
          </div>
          <div
            className="Transaction-tableData-72 Transaction-col3-81"
          >
            status:
          </div>
          <div
            className="Transaction-tableData-72 Transaction-col4-82"
          >
            date/time:
          </div>
        </div>
        <div
          className="Transaction-tableWrapper-83"
          id="table-scroll"
          tabIndex="5000"
        >
          <div
            className="Transaction-tableContentWrap-84"
          >
            <div
              className="Transaction-tableRow-73"
            >
              <div
                className="Transaction-tableData-72 Transaction-col1-79 Transaction-icon1-75"
              >
                <span>
                  0x88d50B466BfE55222019D71F9E8fAe17f5f45FCA1
                </span>
              </div>
              <div
                className="Transaction-tableData-72 Transaction-col2-80 Transaction-icon2-76"
              >
                <span>
                  0.1221 DCB
                </span>
              </div>
              <div
                className="Transaction-tableData-72 Transaction-col3-81 Transaction-icon3-77"
              >
                <span>
                  DEMO
                </span>
              </div>
              <div
                className="Transaction-tableData-72 Transaction-col4-82 Transaction-icon4-78"
              >
                <time
                  dateTime="2018-02-12 13:30"
                >
                  01:30 PM 12.02.2018
                </time>
              </div>
            </div>
            <div
              className="Transaction-tableRow-73"
            >
              <div
                className="Transaction-tableData-72 Transaction-col1-79 Transaction-icon1-75"
              >
                <span>
                  0x88d50B466BfE55222019D71F9E8fAe17f5f45FCA1
                </span>
              </div>
              <div
                className="Transaction-tableData-72 Transaction-col2-80 Transaction-icon2-76"
              >
                <span>
                  0.1221 DCB
                </span>
              </div>
              <div
                className="Transaction-tableData-72 Transaction-col3-81 Transaction-icon3-77"
              >
                <span>
                  DEMO
                </span>
              </div>
              <div
                className="Transaction-tableData-72 Transaction-col4-82 Transaction-icon4-78"
              >
                <time
                  dateTime="2018-02-12 13:30"
                >
                  01:30 PM 12.02.2018
                </time>
              </div>
            </div>
            <div
              className="Transaction-tableRow-73"
            >
              <div
                className="Transaction-tableData-72 Transaction-col1-79 Transaction-icon1-75"
              >
                <span>
                  0x88d50B466BfE55222019D71F9E8fAe17f5f45FCA1
                </span>
              </div>
              <div
                className="Transaction-tableData-72 Transaction-col2-80 Transaction-icon2-76"
              >
                <span>
                  0.1221 DCB
                </span>
              </div>
              <div
                className="Transaction-tableData-72 Transaction-col3-81 Transaction-icon3-77"
              >
                <span>
                  DEMO
                </span>
              </div>
              <div
                className="Transaction-tableData-72 Transaction-col4-82 Transaction-icon4-78"
              >
                <time
                  dateTime="2018-02-12 13:30"
                >
                  01:30 PM 12.02.2018
                </time>
              </div>
            </div>
            <div
              className="Transaction-tableRow-73"
            >
              <div
                className="Transaction-tableData-72 Transaction-col1-79 Transaction-icon1-75"
              >
                <span>
                  0x88d50B466BfE55222019D71F9E8fAe17f5f45FCA1
                </span>
              </div>
              <div
                className="Transaction-tableData-72 Transaction-col2-80 Transaction-icon2-76"
              >
                <span>
                  0.1221 DCB
                </span>
              </div>
              <div
                className="Transaction-tableData-72 Transaction-col3-81 Transaction-icon3-77"
              >
                <span>
                  DEMO
                </span>
              </div>
              <div
                className="Transaction-tableData-72 Transaction-col4-82 Transaction-icon4-78"
              >
                <time
                  dateTime="2018-02-12 13:30"
                >
                  01:30 PM 12.02.2018
                </time>
              </div>
            </div>
            <div
              className="Transaction-tableRow-73"
            >
              <div
                className="Transaction-tableData-72 Transaction-col1-79 Transaction-icon1-75"
              >
                <span>
                  0x88d50B466BfE55222019D71F9E8fAe17f5f45FCA1
                </span>
              </div>
              <div
                className="Transaction-tableData-72 Transaction-col2-80 Transaction-icon2-76"
              >
                <span>
                  0.1221 DCB
                </span>
              </div>
              <div
                className="Transaction-tableData-72 Transaction-col3-81 Transaction-icon3-77"
              >
                <span>
                  DEMO
                </span>
              </div>
              <div
                className="Transaction-tableData-72 Transaction-col4-82 Transaction-icon4-78"
              >
                <time
                  dateTime="2018-02-12 13:30"
                >
                  01:30 PM 12.02.2018
                </time>
              </div>
            </div>
            <div
              className="Transaction-tableRow-73"
            >
              <div
                className="Transaction-tableData-72 Transaction-col1-79 Transaction-icon1-75"
              >
                <span>
                  0x88d50B466BfE55222019D71F9E8fAe17f5f45FCA1
                </span>
              </div>
              <div
                className="Transaction-tableData-72 Transaction-col2-80 Transaction-icon2-76"
              >
                <span>
                  0.1221 DCB
                </span>
              </div>
              <div
                className="Transaction-tableData-72 Transaction-col3-81 Transaction-icon3-77"
              >
                <span>
                  DEMO
                </span>
              </div>
              <div
                className="Transaction-tableData-72 Transaction-col4-82 Transaction-icon4-78"
              >
                <time
                  dateTime="2018-02-12 13:30"
                >
                  01:30 PM 12.02.2018
                </time>
              </div>
            </div>
          </div>
        </div>
      </div>
      <div
        className="Transaction-tableBtns-85"
      >
        <a
          className="Transaction-receivedBtn-86"
          href="/"
        >
          Received
        </a>
        <a
          className="Transaction-sentBtn-87"
          href="/"
        >
          Sent
        </a>
      </div>
    </div>
    <div
      className="BestAd-root-88"
    >
      <div
        className="BestAd-bestItem-89"
      >
        <div
          className="BestAd-titleWrap-90"
        >
          <a
            className="BestAd-bestTitle-91"
            href="/games"
            onClick={[Function]}
          >
            Games
          </a>
        </div>
        <div
          className="BestAd-bestContent-92"
        >
          <a
            className="BestAd-bestImg-93"
            href="/games"
            onClick={[Function]}
          >
            <img
              alt=""
              className="BestAd-bestItemImg-94"
              src="CloverLogo1"
            />
          </a>
          <a
            className="BestAd-bestLink-95"
            href="/games"
            onClick={[Function]}
          >
            Game of the day
            : 
            <br />
            <span>
              Smash Champs
            </span>
          </a>
        </div>
      </div>
      <div
        className="BestAd-bestItem-89"
      >
        <div
          className="BestAd-titleWrap-90"
        >
          <a
            className="BestAd-bestTitle-91"
            href="/stream"
            onClick={[Function]}
          >
            Shop
          </a>
        </div>
        <div
          className="BestAd-bestContent-92"
        >
          <a
            className="BestAd-bestImg-93"
            href="/stream"
            onClick={[Function]}
          >
            <img
              alt=""
              className="BestAd-bestItemImg-94"
              src="CloverLogo1"
            />
          </a>
          <a
            className="BestAd-bestLink-95"
            href="/stream"
            onClick={[Function]}
          >
            Product of the day
            : 
            <br />
            <span>
              Blue cool Jelly
            </span>
          </a>
        </div>
      </div>
    </div>
    <div
      className="Categories-root-96"
    >
      <div
        className="Categories-categories-97"
      >
        <div
          className="Categories-categTitleWrap-98"
        >
          <a
            className="Categories-categoriesTitle-99"
            href="/"
            onClick={[Function]}
          >
            Categories:
          </a>
        </div>
        <div
          className="CategorieItem-root-100"
        >
          <a
            className="CategorieItem-gameImg-101"
            href="/game/4clover"
            onClick={[Function]}
          >
            <img
              alt=""
              className="CategorieItem-gameImgLink-102"
              src="CloverLogo1"
            />
          </a>
          <a
            className="CategorieItem-gameLink-103"
            href="/game/4clover"
            onClick={[Function]}
          >
            Most popular
            : 
            <br />
             
            <span>
              4Clover
            </span>
          </a>
        </div>
        <div
          className="CategorieItem-root-100"
        >
          <a
            className="CategorieItem-gameImg-101"
            href="/game/4clover"
            onClick={[Function]}
          >
            <img
              alt=""
              className="CategorieItem-gameImgLink-102"
              src="CloverLogo1"
            />
          </a>
          <a
            className="CategorieItem-gameLink-103"
            href="/game/4clover"
            onClick={[Function]}
          >
            Most popular
            : 
            <br />
             
            <span>
              Dice games
            </span>
          </a>
        </div>
        <div
          className="CategorieItem-root-100"
        >
          <a
            className="CategorieItem-gameImg-101"
            href="/game/4clover"
            onClick={[Function]}
          >
            <img
              alt=""
              className="CategorieItem-gameImgLink-102"
              src="CloverLogo1"
            />
          </a>
          <a
            className="CategorieItem-gameLink-103"
            href="/game/4clover"
            onClick={[Function]}
          >
            For children
            : 
            <br />
             
            <span>
              Word games
            </span>
          </a>
        </div>
        <div
          className="CategorieItem-root-100"
        >
          <a
            className="CategorieItem-gameImg-101"
            href="/game/4clover"
            onClick={[Function]}
          >
            <img
              alt=""
              className="CategorieItem-gameImgLink-102"
              src="CloverLogo1"
            />
          </a>
          <a
            className="CategorieItem-gameLink-103"
            href="/game/4clover"
            onClick={[Function]}
          >
            For children
            : 
            <br />
             
            <span>
              Funny games
            </span>
          </a>
        </div>
        <div
          className="CategorieItem-root-100"
        >
          <a
            className="CategorieItem-gameImg-101"
            href="/game/4clover"
            onClick={[Function]}
          >
            <img
              alt=""
              className="CategorieItem-gameImgLink-102"
              src="CloverLogo1"
            />
          </a>
          <a
            className="CategorieItem-gameLink-103"
            href="/game/4clover"
            onClick={[Function]}
          >
            For children
            : 
            <br />
             
            <span>
              Word games
            </span>
          </a>
        </div>
        <div
          className="CategorieItem-root-100"
        >
          <a
            className="CategorieItem-gameImg-101"
            href="/game/4clover"
            onClick={[Function]}
          >
            <img
              alt=""
              className="CategorieItem-gameImgLink-102"
              src="CloverLogo1"
            />
          </a>
          <a
            className="CategorieItem-gameLink-103"
            href="/game/4clover"
            onClick={[Function]}
          >
            For children
            : 
            <br />
             
            <span>
              Word games
            </span>
          </a>
        </div>
      </div>
      <div
        className="Categories-categories-97"
      >
        <div
          className="Categories-categTitleWrap-98"
        >
          <a
            className="Categories-categoriesTitle-99"
            href="/"
            onClick={[Function]}
          >
            Categories:
          </a>
        </div>
        <div
          className="CategorieItem-root-100"
        >
          <a
            className="CategorieItem-gameImg-101"
            href="/game/4clover"
            onClick={[Function]}
          >
            <img
              alt=""
              className="CategorieItem-gameImgLink-102"
              src="CloverLogo1"
            />
          </a>
          <a
            className="CategorieItem-gameLink-103"
            href="/game/4clover"
            onClick={[Function]}
          >
            Most popular
            : 
            <br />
             
            <span>
              Loto games
            </span>
          </a>
        </div>
        <div
          className="CategorieItem-root-100"
        >
          <a
            className="CategorieItem-gameImg-101"
            href="/game/4clover"
            onClick={[Function]}
          >
            <img
              alt=""
              className="CategorieItem-gameImgLink-102"
              src="CloverLogo1"
            />
          </a>
          <a
            className="CategorieItem-gameLink-103"
            href="/game/4clover"
            onClick={[Function]}
          >
            Most popular
            : 
            <br />
             
            <span>
              Dice games
            </span>
          </a>
        </div>
        <div
          className="CategorieItem-root-100"
        >
          <a
            className="CategorieItem-gameImg-101"
            href="/game/4clover"
            onClick={[Function]}
          >
            <img
              alt=""
              className="CategorieItem-gameImgLink-102"
              src="CloverLogo1"
            />
          </a>
          <a
            className="CategorieItem-gameLink-103"
            href="/game/4clover"
            onClick={[Function]}
          >
            For children
            : 
            <br />
             
            <span>
              Word games
            </span>
          </a>
        </div>
      </div>
    </div>
  </div>
</main>
`;
