// Jest Snapshot v1, https://goo.gl/fbAQLP

exports[`renders correctly 1`] = `
<div
  className="containerStreamWrap"
>
  <div
    className="Stream-containerTradeWrap-2"
  >
    <div
      className="Stream-containerTrade-3"
    >
      <header
        className="Stream-headerStream-1"
      >
        <ul
          className="MenuNavigation-root-5 dark"
        >
          <div
            className="MenuNavigation-headerMenuItem-6 MenuNavigation-wrLogout-7"
            onClick={[Function]}
          >
            <i
              className="MenuNavigation-menuIcon-8 MenuNavigation-logout-9"
            />
            <br />
             Logout
          </div>
          <li>
            <a
              aria-current="page"
              className="MenuNavigation-headerMenuItem-6 active"
              href="/"
              onClick={[Function]}
              style={Object {}}
            >
              <i
                className="MenuNavigation-menuIcon-8 MenuNavigation-walletIcon-10"
              />
              <br />
               Wallet
            </a>
          </li>
          <li>
            <a
              aria-current={null}
              className="MenuNavigation-headerMenuItem-6"
              href="/vchange"
              onClick={[Function]}
            >
              <i
                className="MenuNavigation-menuIcon-8 MenuNavigation-vexchange-11"
              />
              <br />
               VChange
            </a>
          </li>
          <li>
            <a
              aria-current={null}
              className="MenuNavigation-headerMenuItem-6"
              href="/games"
              onClick={[Function]}
            >
              <i
                className="MenuNavigation-menuIcon-8 MenuNavigation-games-14"
              />
              <br />
               Games
            </a>
          </li>
          <li>
            <a
              aria-current={null}
              className="MenuNavigation-headerMenuItem-6"
              href="/#apps"
              onClick={[Function]}
            >
              <i
                className="MenuNavigation-menuIcon-8 MenuNavigation-apps-12"
              />
              <br />
               Apps
            </a>
          </li>
          <li>
            <a
              aria-current={null}
              className="MenuNavigation-headerMenuItem-6"
              href="/#shops"
              onClick={[Function]}
            >
              <i
                className="MenuNavigation-menuIcon-8 MenuNavigation-shop-13"
              />
              <br />
               Shop
            </a>
          </li>
          <li>
            <a
              aria-current={null}
              className="MenuNavigation-headerMenuItem-6"
              href="/#contacts"
              onClick={[Function]}
            >
              <i
                className="MenuNavigation-menuIcon-8 MenuNavigation-friends-15"
              />
              <br />
               Contacts
            </a>
          </li>
          <li>
            <a
              aria-current={null}
              className="MenuNavigation-headerMenuItem-6"
              href="/#settings"
              onClick={[Function]}
            >
              <i
                className="MenuNavigation-menuIcon-8 MenuNavigation-settings-16"
              />
              <br />
               Settings
            </a>
          </li>
        </ul>
      </header>
      <main
        className="Stream-streamMain-4"
      >
        <div
          className="StreamBettingTop-root-17"
        >
          <div
            className="StreamBettingTop-streamLeftTeam-18"
          >
            <div>
              <div
                className="StreamBettingTop-streamTeamName-20"
              >
                <img
                  alt=""
                  className="StreamBettingTop-streamLeftLogo-19"
                  src="leftTeamLogo.png"
                />
                NRG
              </div>
              <div
                className="StreamBettingTop-streamCountry-21"
              >
                <img
                  alt=""
                  className="StreamBettingTop-streamFlag-22"
                  src="leftTeamFlag.png"
                />
                France
              </div>
            </div>
          </div>
          <div
            className="StreamBettingTop-streamCoef-23"
          >
            <div
              className="StreamBettingTop-streamCoefItem-25"
            >
              6.17
            </div>
            <div
              className="StreamBettingTop-streamVersus-24"
            >
              vs
            </div>
            <div
              className="StreamBettingTop-streamCoefItem-25"
            >
              1.25
            </div>
          </div>
          <div
            className="StreamBettingTop-streamRightTeam-26"
          >
            <div
              className="StreamBettingTop-streamRightTeam-26"
            >
              <div>
                <div
                  className="StreamBettingTop-streamTeamName-20"
                >
                  <img
                    alt=""
                    className="StreamBettingTop-streamRightLogo-27"
                    src="rightTeamLogo.png"
                  />
                  LDLC
                </div>
                <div
                  className="StreamBettingTop-streamCountry-21"
                >
                  <img
                    alt=""
                    className="StreamBettingTop-streamFlag-22"
                    src="rightTeamFlag.png"
                  />
                  Spain
                </div>
              </div>
            </div>
            <div
              className="StreamBettingTop-streamLive-28"
            >
              Live
            </div>
          </div>
          <div
            className="StreamBettingTop-streamEvent-29"
          >
            Event:
            <img
              alt=""
              src="streamEvent.png"
            />
          </div>
        </div>
        <div
          className="StreamScreen-root-30"
        >
          <img
            alt=""
            src="stream-image.png"
          />
        </div>
        <div
          className="StreamDescription-root-31"
        >
          <div
            className="StreamDescription-streamDescriptionLeft-32"
          >
            <div
              className="StreamDescription-streamDescriptionText-33"
            >
              Integer tempor semper sapien sit amet bibendum. Etiam ornare tellus at sapien vehicula, quis scelerisque turpis rokaste egestas quis botona.
            </div>
            <div
              className="StreamDescription-streamHashTags-34"
            >
              #ROLLED #BESTCRYPTO #ETH
               
              <div
                className="StreamDescription-streamAddHashTags-35"
              >
                +
              </div>
            </div>
          </div>
          <div
            className="StreamDescription-streamDescriptionRight-36"
          >
            <div
              className="StreamDescription-streamAddFavorites-37"
            >
              Add to favorites
            </div>
            <div
              className="StreamDescription-streamShareSocial-38"
            >
              Share in social
            </div>
          </div>
        </div>
        <div
          className="StreamTabs-root-39"
        >
          <div
            className="react-tabs"
            data-tabs={true}
            onClick={[Function]}
            onKeyDown={[Function]}
          >
            <ul
              className="StreamTabs-streamTabsTop-40"
              role="tablist"
            >
              <li
                aria-controls="react-tabs-1"
                aria-disabled="false"
                aria-selected="true"
                className="StreamTabs-streamTab-41 react-tabs__tab--selected"
                id="react-tabs-0"
                role="tab"
                tabIndex="0"
              >
                UPCOMING GAMES
              </li>
              <li
                aria-controls="react-tabs-3"
                aria-disabled="false"
                aria-selected="false"
                className="StreamTabs-streamTab-41"
                id="react-tabs-2"
                role="tab"
                tabIndex={null}
              >
                RESULTS
              </li>
            </ul>
            <div
              aria-labelledby="react-tabs-0"
              className="react-tabs__tab-panel react-tabs__tab-panel--selected"
              id="react-tabs-1"
              role="tabpanel"
            >
              <div
                className="StreamTabsBottom-root-42"
              >
                <div
                  className="StreamTabsNav-root-43"
                >
                  <div
                    className="StreamTabsNav-streamTabsNavItem-44 StreamTabsNav-liveNow-45"
                  >
                    <span>
                      LIVE NOW
                    </span>
                    <span
                      className="StreamTabsNav-streamTabsWatch-47"
                    >
                      2
                    </span>
                  </div>
                  <div
                    className="StreamTabsNav-streamTabsNavItem-44"
                  >
                    <img
                      alt=""
                      className="StreamTabsNav-streamTabsNavImg-46"
                      src="gamepad.svg"
                    />
                    <span>
                      ALL GAMES
                    </span>
                    <span
                      className="StreamTabsNav-streamTabsWatch-47"
                    >
                      2
                    </span>
                  </div>
                  <div
                    className="StreamTabsNav-streamTabsNavItem-44"
                  >
                    <img
                      alt=""
                      className="StreamTabsNav-streamTabsNavImg-46"
                      src="starcraft.png"
                    />
                    <span>
                      STARCRAFT 2
                    </span>
                    <span
                      className="StreamTabsNav-streamTabsWatch-47"
                    >
                      2
                    </span>
                  </div>
                  <div
                    className="StreamTabsNav-streamTabsNavItem-44"
                  >
                    <img
                      alt=""
                      className="StreamTabsNav-streamTabsNavImg-46"
                      src="dota-2.svg"
                    />
                    <span>
                      DOTA 2
                    </span>
                    <span
                      className="StreamTabsNav-streamTabsWatch-47"
                    >
                      2
                    </span>
                  </div>
                  <div
                    className="StreamTabsNav-streamTabsNavItem-44"
                  >
                    <img
                      alt=""
                      className="StreamTabsNav-streamTabsNavImg-46"
                      src="overwatch.png"
                    />
                    <span>
                      CS:GO
                    </span>
                    <span
                      className="StreamTabsNav-streamTabsWatch-47"
                    >
                      2
                    </span>
                  </div>
                  <div
                    className="StreamTabsNav-streamTabsNavItem-44"
                  >
                    <img
                      alt=""
                      className="StreamTabsNav-streamTabsNavImg-46"
                      src="csgo.png"
                    />
                    <span>
                      CS:GO
                    </span>
                    <span
                      className="StreamTabsNav-streamTabsWatch-47"
                    >
                      2
                    </span>
                  </div>
                </div>
                <div
                  className="StreamLive-root-48"
                >
                  <div
                    className="StreamLive-streamLiveItem-49"
                  >
                    <div
                      className="StreamLive-streamLiveItemDate-50 StreamLive-itemDateLive-51"
                    >
                      Live
                    </div>
                    <div
                      className="StreamLive-streamLiveItemTeam-52 StreamLive-team1-53"
                    >
                      <img
                        alt=""
                        className="StreamLive-teamImg-55"
                        src="NRG+Logo+Light+Background.png"
                      />
                      <div
                        className="StreamLive-teamName-56"
                      >
                        NRG
                      </div>
                      <div
                        className="StreamLive-teamCountry-57 StreamLive-country1-58"
                      >
                        <img
                          alt=""
                          className="StreamLive-teamCountryImg-60"
                          src="france.png"
                        />
                        France
                      </div>
                    </div>
                    <div
                      className="StreamLive-streamLiveItemScore-62"
                    >
                      6.14
                    </div>
                    <div
                      className="StreamLive-streamLiveItemVs-61"
                    >
                      VS
                    </div>
                    <div
                      className="StreamLive-streamLiveItemScore-62"
                    >
                      1.25
                    </div>
                    <div
                      className="StreamLive-streamLiveItemTeam-52 StreamLive-team2-54"
                    >
                      <img
                        alt=""
                        className="StreamLive-teamImg-55"
                        src="Team_LDLC_Logo.png"
                      />
                      <div
                        className="StreamLive-teamName-56"
                      >
                        LDLC
                      </div>
                      <div
                        className="StreamLive-teamCountry-57 StreamLive-country2-59"
                      >
                        <img
                          alt=""
                          className="StreamLive-teamCountryImg-60"
                          src="spain.png"
                        />
                        Spain
                      </div>
                    </div>
                    <div
                      className="StreamLive-streamLiveItemEvent-63"
                    >
                      EVENT
                      <img
                        alt=""
                        className="StreamLive-streamLiveItemEventImg-64"
                        src="event.png"
                      />
                    </div>
                    <div
                      className="StreamLive-streamLiveItemLink-65"
                    />
                  </div>
                  <div
                    className="StreamLive-streamLiveItem-49"
                  >
                    <div
                      className="StreamLive-streamLiveItemDate-50"
                    >
                      12:30 PM
                       
                      <br />
                      <span>
                        7/12/2018
                      </span>
                    </div>
                    <div
                      className="StreamLive-streamLiveItemTeam-52 StreamLive-team1-53"
                    >
                      <img
                        alt=""
                        className="StreamLive-teamImg-55"
                        src="NRG+Logo+Light+Background.png"
                      />
                      <div
                        className="StreamLive-teamName-56"
                      >
                        NRG
                      </div>
                      <div
                        className="StreamLive-teamCountry-57 StreamLive-country1-58"
                      >
                        <img
                          alt=""
                          className="StreamLive-teamCountryImg-60"
                          src="france.png"
                        />
                        France
                      </div>
                    </div>
                    <div
                      className="StreamLive-streamLiveItemScore-62"
                    >
                      6.14
                    </div>
                    <div
                      className="StreamLive-streamLiveItemVs-61"
                    >
                      VS
                    </div>
                    <div
                      className="StreamLive-streamLiveItemScore-62"
                    >
                      1.25
                    </div>
                    <div
                      className="StreamLive-streamLiveItemTeam-52 StreamLive-team2-54"
                    >
                      <img
                        alt=""
                        className="StreamLive-teamImg-55"
                        src="Team_LDLC_Logo.png"
                      />
                      <div
                        className="StreamLive-teamName-56"
                      >
                        LDLC
                      </div>
                      <div
                        className="StreamLive-teamCountry-57 StreamLive-country2-59"
                      >
                        <img
                          alt=""
                          className="StreamLive-teamCountryImg-60"
                          src="spain.png"
                        />
                        Spain
                      </div>
                    </div>
                    <div
                      className="StreamLive-streamLiveItemEvent-63"
                    >
                      EVENT
                      <img
                        alt=""
                        className="StreamLive-streamLiveItemEventImg-64"
                        src="event.png"
                      />
                    </div>
                    <div
                      className="StreamLive-streamLiveItemLink-65"
                    />
                  </div>
                  <div
                    className="StreamLive-streamLiveItem-49"
                  >
                    <div
                      className="StreamLive-streamLiveItemDate-50 StreamLive-itemDateLive-51"
                    >
                      Live
                    </div>
                    <div
                      className="StreamLive-streamLiveItemTeam-52 StreamLive-team1-53"
                    >
                      <img
                        alt=""
                        className="StreamLive-teamImg-55"
                        src="NRG+Logo+Light+Background.png"
                      />
                      <div
                        className="StreamLive-teamName-56"
                      >
                        NRG
                      </div>
                      <div
                        className="StreamLive-teamCountry-57 StreamLive-country1-58"
                      >
                        <img
                          alt=""
                          className="StreamLive-teamCountryImg-60"
                          src="france.png"
                        />
                        France
                      </div>
                    </div>
                    <div
                      className="StreamLive-streamLiveItemScore-62"
                    >
                      6.14
                    </div>
                    <div
                      className="StreamLive-streamLiveItemVs-61"
                    >
                      VS
                    </div>
                    <div
                      className="StreamLive-streamLiveItemScore-62"
                    >
                      1.25
                    </div>
                    <div
                      className="StreamLive-streamLiveItemTeam-52 StreamLive-team2-54"
                    >
                      <img
                        alt=""
                        className="StreamLive-teamImg-55"
                        src="Team_LDLC_Logo.png"
                      />
                      <div
                        className="StreamLive-teamName-56"
                      >
                        LDLC
                      </div>
                      <div
                        className="StreamLive-teamCountry-57 StreamLive-country2-59"
                      >
                        <img
                          alt=""
                          className="StreamLive-teamCountryImg-60"
                          src="spain.png"
                        />
                        Spain
                      </div>
                    </div>
                    <div
                      className="StreamLive-streamLiveItemEvent-63"
                    >
                      EVENT
                      <img
                        alt=""
                        className="StreamLive-streamLiveItemEventImg-64"
                        src="event.png"
                      />
                    </div>
                    <div
                      className="StreamLive-streamLiveItemLink-65"
                    />
                  </div>
                  <div
                    className="StreamLive-streamLiveItem-49"
                  >
                    <div
                      className="StreamLive-streamLiveItemDate-50"
                    >
                      12:30 PM
                       
                      <br />
                      <span>
                        7/12/2018
                      </span>
                    </div>
                    <div
                      className="StreamLive-streamLiveItemTeam-52 StreamLive-team1-53"
                    >
                      <img
                        alt=""
                        className="StreamLive-teamImg-55"
                        src="NRG+Logo+Light+Background.png"
                      />
                      <div
                        className="StreamLive-teamName-56"
                      >
                        NRG
                      </div>
                      <div
                        className="StreamLive-teamCountry-57 StreamLive-country1-58"
                      >
                        <img
                          alt=""
                          className="StreamLive-teamCountryImg-60"
                          src="france.png"
                        />
                        France
                      </div>
                    </div>
                    <div
                      className="StreamLive-streamLiveItemScore-62"
                    >
                      6.14
                    </div>
                    <div
                      className="StreamLive-streamLiveItemVs-61"
                    >
                      VS
                    </div>
                    <div
                      className="StreamLive-streamLiveItemScore-62"
                    >
                      1.25
                    </div>
                    <div
                      className="StreamLive-streamLiveItemTeam-52 StreamLive-team2-54"
                    >
                      <img
                        alt=""
                        className="StreamLive-teamImg-55"
                        src="Team_LDLC_Logo.png"
                      />
                      <div
                        className="StreamLive-teamName-56"
                      >
                        LDLC
                      </div>
                      <div
                        className="StreamLive-teamCountry-57 StreamLive-country2-59"
                      >
                        <img
                          alt=""
                          className="StreamLive-teamCountryImg-60"
                          src="spain.png"
                        />
                        Spain
                      </div>
                    </div>
                    <div
                      className="StreamLive-streamLiveItemEvent-63"
                    >
                      EVENT
                      <img
                        alt=""
                        className="StreamLive-streamLiveItemEventImg-64"
                        src="event.png"
                      />
                    </div>
                    <div
                      className="StreamLive-streamLiveItemLink-65"
                    />
                  </div>
                </div>
              </div>
            </div>
            <div
              aria-labelledby="react-tabs-2"
              className="react-tabs__tab-panel"
              id="react-tabs-3"
              role="tabpanel"
            />
          </div>
        </div>
      </main>
    </div>
  </div>
  <footer
    className="Footer-root-66"
  >
    <ul
      className="Footer-footerNav-67"
    >
      <li>
        <a
          className="Footer-footerNavItem-68"
          href="/"
          onClick={[Function]}
        >
          Dashboard
        </a>
      </li>
      <li>
        <a
          className="Footer-footerNavItem-68"
          href="/"
          onClick={[Function]}
        >
          Wallet
        </a>
      </li>
      <li>
        <a
          className="Footer-footerNavItem-68"
          href="/"
          onClick={[Function]}
        >
          Shop
        </a>
      </li>
      <li>
        <a
          className="Footer-footerNavItem-68"
          href="/games"
          onClick={[Function]}
        >
          Games
        </a>
      </li>
      <li>
        <a
          className="Footer-footerNavItem-68"
          href="/"
          onClick={[Function]}
        >
          Friends
        </a>
      </li>
      <li>
        <a
          className="Footer-footerNavItem-68"
          href="/"
          onClick={[Function]}
        >
          Settings
        </a>
      </li>
    </ul>
    <span>
      Vault. All Rights Reserved 2018
    </span>
  </footer>
</div>
`;
