// Jest Snapshot v1, https://goo.gl/fbAQLP

exports[`renders correctly 1`] = `
<div
  className="mainWrapperTrade"
>
  <div
    className="Skins-containerTradeWrap-1"
  >
    <div
      className="Skins-containerTrade-2"
    >
      <header
        className="Skins-headerSkins-3"
      >
        <ul
          className="MenuNavigation-root-5 dark"
        >
          <div
            className="MenuNavigation-headerMenuItem-6 MenuNavigation-wrLogout-7"
            onClick={[Function]}
          >
            <i
              className="MenuNavigation-menuIcon-8 MenuNavigation-logout-9"
            />
            <br />
             Logout
          </div>
          <li>
            <a
              aria-current="page"
              className="MenuNavigation-headerMenuItem-6 active"
              href="/"
              onClick={[Function]}
              style={Object {}}
            >
              <i
                className="MenuNavigation-menuIcon-8 MenuNavigation-walletIcon-10"
              />
              <br />
               Wallet
            </a>
          </li>
          <li>
            <a
              aria-current={null}
              className="MenuNavigation-headerMenuItem-6"
              href="/vchange"
              onClick={[Function]}
            >
              <i
                className="MenuNavigation-menuIcon-8 MenuNavigation-vexchange-11"
              />
              <br />
               VChange
            </a>
          </li>
          <li>
            <a
              aria-current={null}
              className="MenuNavigation-headerMenuItem-6"
              href="/games"
              onClick={[Function]}
            >
              <i
                className="MenuNavigation-menuIcon-8 MenuNavigation-games-14"
              />
              <br />
               Games
            </a>
          </li>
          <li>
            <a
              aria-current={null}
              className="MenuNavigation-headerMenuItem-6"
              href="/#apps"
              onClick={[Function]}
            >
              <i
                className="MenuNavigation-menuIcon-8 MenuNavigation-apps-12"
              />
              <br />
               Apps
            </a>
          </li>
          <li>
            <a
              aria-current={null}
              className="MenuNavigation-headerMenuItem-6"
              href="/#shops"
              onClick={[Function]}
            >
              <i
                className="MenuNavigation-menuIcon-8 MenuNavigation-shop-13"
              />
              <br />
               Shop
            </a>
          </li>
          <li>
            <a
              aria-current={null}
              className="MenuNavigation-headerMenuItem-6"
              href="/#contacts"
              onClick={[Function]}
            >
              <i
                className="MenuNavigation-menuIcon-8 MenuNavigation-friends-15"
              />
              <br />
               Contacts
            </a>
          </li>
          <li>
            <a
              aria-current={null}
              className="MenuNavigation-headerMenuItem-6"
              href="/#settings"
              onClick={[Function]}
            >
              <i
                className="MenuNavigation-menuIcon-8 MenuNavigation-settings-16"
              />
              <br />
               Settings
            </a>
          </li>
        </ul>
      </header>
      <main
        className="Skins-tradeMain-4"
      >
        <div
          className="TradeTop-root-17"
        >
          <div
            className="TradeTop-tradeGame-18"
          >
            <div
              className="TradeTop-tradeGameSelect-19"
            >
              Game:
            </div>
            <div
              className="TradeTop-tradeGameItem-20"
            >
              CS:GO
            </div>
          </div>
          <div
            className="TradeTop-tradeStream-21"
          >
            <div
              className="TradeTop-tradeStreamTitle-22"
            >
              Put your steam trade url: 
            </div>
            <div
              className="TradeTop-tradeStreamUrlWrap-23"
            >
              <input
                className="TradeTop-tradeStreamUrl-24"
                placeholder="https://steamcommunity.com/groups/dota2lounge/discussions/0/558"
                type="text"
              />
            </div>
          </div>
        </div>
        <div
          className="TradeSkins-root-25"
        >
          <div
            className="TradeSkins-tradeSkinsTitle-26"
          >
            Select skins you want to sale:
          </div>
          <div
            className="TradeSkins-tradeSkinsItemWrap-27"
          >
            <div
              className="TradeSkins-tradeSkinsItem-28 TradeSkins-skinSelected-29"
            >
              <div
                className="TradeSkins-skinsItemImg-30"
              >
                <img
                  alt=""
                  src="gun.png"
                />
              </div>
              <div
                className="TradeSkins-skinsItemName-31"
              >
                Gun: Good Weapon2 1.2
              </div>
              <div
                className="TradeSkins-skinsItemPrice-32"
              >
                $11.10 FN
              </div>
              <div
                className="TradeSkins-skinsItemSale-33"
              >
                $12.30
              </div>
            </div>
            <div
              className="TradeSkins-tradeSkinsItem-28 TradeSkins-skinSelected-29"
            >
              <div
                className="TradeSkins-skinsItemImg-30"
              >
                <img
                  alt=""
                  src="gun.png"
                />
              </div>
              <div
                className="TradeSkins-skinsItemName-31"
              >
                Gun: Good Weapon2 1.2
              </div>
              <div
                className="TradeSkins-skinsItemPrice-32"
              >
                $11.10 FN
              </div>
              <div
                className="TradeSkins-skinsItemSale-33"
              >
                $12.30
              </div>
            </div>
            <div
              className="TradeSkins-tradeSkinsItem-28 TradeSkins-skinSelected-29"
            >
              <div
                className="TradeSkins-skinsItemImg-30"
              >
                <img
                  alt=""
                  src="gun.png"
                />
              </div>
              <div
                className="TradeSkins-skinsItemName-31"
              >
                Gun: Good Weapon2 1.2
              </div>
              <div
                className="TradeSkins-skinsItemPrice-32"
              >
                $11.10 FN
              </div>
              <div
                className="TradeSkins-skinsItemSale-33"
              >
                $12.30
              </div>
            </div>
          </div>
          <ul
            className="TradeSkins-pageNavi-34"
          >
            <li>
              <div
                className="TradeSkins-previos-35"
              >
                Prev
              </div>
            </li>
            <li>
              <div>
                1
              </div>
            </li>
            <li>
              <div>
                2
              </div>
            </li>
            <li>
              <div
                className="TradeSkins-next-36"
              >
                Next
              </div>
            </li>
          </ul>
        </div>
        <div
          className="TradePayment-root-37"
        >
          <div
            className="TradePayment-paymentTitle-38"
          >
            Choose the way to cash out:
          </div>
          <div
            className="TradePayment-paymentWay-39"
          >
            <div
              className="TradePayment-paymentWayItem-40 TradePayment-paymentSelectItem-41"
            >
              <div
                className="TradePayment-paymentWayItemImg-42"
              >
                <img
                  alt=""
                  src="visa.png"
                />
              </div>
              <div
                className="TradePayment-paymentWayItemName-43"
              >
                Credit Card
              </div>
              <div
                className="TradePayment-paymentWayItemUnderline-44 TradePayment-selected-45"
              />
            </div>
            <div
              className="TradePayment-paymentWayItem-40"
            >
              <div
                className="TradePayment-paymentWayItemImg-42"
              >
                <img
                  alt=""
                  src="bitcnpay.png"
                />
              </div>
              <div
                className="TradePayment-paymentWayItemName-43"
              >
                Bitcoin
              </div>
              <div
                className="TradePayment-paymentWayItemUnderline-44"
              />
            </div>
            <div
              className="TradePayment-paymentWayItem-40"
            >
              <div
                className="TradePayment-paymentWayItemImg-42"
              >
                <img
                  alt=""
                  src="agspay.png"
                />
              </div>
              <div
                className="TradePayment-paymentWayItemName-43"
              >
                CryptaurCoin
              </div>
              <div
                className="TradePayment-paymentWayItemUnderline-44"
              />
            </div>
          </div>
          <div
            className="PaymentCard-root-56"
          >
            <div
              className="PaymentCard-paymentCardTitle-57"
            >
              Cashout on my Credit card:
            </div>
            <div
              className="PaymentCard-paymentInputWrap-58"
            >
              <input
                className="PaymentCard-paymentCardNum-60"
                placeholder="Card Number"
                type="text"
              />
            </div>
            <div
              className="PaymentCard-paymentInputWrap2-59"
            >
              <input
                className="PaymentCard-paymentCardHolder-61"
                placeholder="Card Holder"
                type="text"
              />
            </div>
            <div
              className="PaymentCard-paymentCardMonth-62"
            >
              MM
            </div>
            <div
              className="PaymentCard-paymentCardYear-63"
            >
              YYYY
            </div>
            <div
              className="PaymentCard-paymentInputWrap3-64"
            >
              <input
                className="PaymentCard-paymentCardCvc-65"
                placeholder="CVC"
                type="text"
              />
            </div>
          </div>
          <div
            className="PaymentSelected-root-66"
          >
            <div
              className="PaymentSelected-paymentSelectedTitle-67"
            >
              You selected 6 items:
            </div>
            <div
              className="PaymentSelected-paymentSelectedItem-68"
            >
              <div>
                0
                ) 
                Good EWeapon 1.2
                 ....
              </div>
              <div
                className="PaymentSelected-selectedPrice-69"
              >
                $12.20
              </div>
              <div
                className="PaymentSelected-selectedClose-70"
              />
            </div>
            <div
              className="PaymentSelected-paymentSelectedItem-68"
            >
              <div>
                1
                ) 
                Good EWeapon 1.2
                 ....
              </div>
              <div
                className="PaymentSelected-selectedPrice-69"
              >
                $12.20
              </div>
              <div
                className="PaymentSelected-selectedClose-70"
              />
            </div>
            <div
              className="PaymentSelected-paymentSelectedItem-68"
            >
              <div>
                2
                ) 
                Good EWeapon 1.2
                 ....
              </div>
              <div
                className="PaymentSelected-selectedPrice-69"
              >
                $12.20
              </div>
              <div
                className="PaymentSelected-selectedClose-70"
              />
            </div>
            <div
              className="PaymentSelected-paymentSelectedItem-68"
            >
              <div>
                3
                ) 
                Good EWeapon 1.2
                 ....
              </div>
              <div
                className="PaymentSelected-selectedPrice-69"
              >
                $12.20
              </div>
              <div
                className="PaymentSelected-selectedClose-70"
              />
            </div>
            <div
              className="PaymentSelected-paymentSelectedItem-68"
            >
              <div>
                4
                ) 
                Good EWeapon 1.2
                 ....
              </div>
              <div
                className="PaymentSelected-selectedPrice-69"
              >
                $12.20
              </div>
              <div
                className="PaymentSelected-selectedClose-70"
              />
            </div>
            <div
              className="PaymentSelected-paymentSelectedItem-68"
            >
              <div>
                5
                ) 
                Good EWeapon 1.2
                 ....
              </div>
              <div
                className="PaymentSelected-selectedPrice-69"
              >
                $12.20
              </div>
              <div
                className="PaymentSelected-selectedClose-70"
              />
            </div>
          </div>
          <div
            className="TradePayment-paymentAmmount-46"
          >
            <div
              className="TradePayment-paymentAmmountText-47"
            >
              Total ammount: 
            </div>
            <div
              className="TradePayment-paymentAmmountFill-48"
            />
            <div
              className="TradePayment-paymentAmmountPrice-49"
            >
              $67.45
            </div>
          </div>
          <div
            className="TradePayment-paymentBonus-50"
          >
            <input
              className="TradePayment-paymentBonusCheck-51"
              id="paymentBonusCheck"
              type="checkbox"
            />
            <label
              className="TradePayment-paymentBonusCheckLabel-52"
              htmlFor="paymentBonusCheck"
            >
              Yes, I have a bonus code!
            </label>
          </div>
          <div
            className="TradePayment-paymentInputWrap4-53"
          >
            <input
              className="TradePayment-paymentBonusInput-54"
              placeholder="Enter Your Bonus Code"
              type="text"
            />
          </div>
          <div
            className="TradePayment-paymentBtn-55"
          >
            CASHOUT
          </div>
        </div>
      </main>
    </div>
  </div>
  <footer
    className="Footer-root-71"
  >
    <ul
      className="Footer-footerNav-72"
    >
      <li>
        <a
          className="Footer-footerNavItem-73"
          href="/"
          onClick={[Function]}
        >
          Dashboard
        </a>
      </li>
      <li>
        <a
          className="Footer-footerNavItem-73"
          href="/"
          onClick={[Function]}
        >
          Wallet
        </a>
      </li>
      <li>
        <a
          className="Footer-footerNavItem-73"
          href="/"
          onClick={[Function]}
        >
          Shop
        </a>
      </li>
      <li>
        <a
          className="Footer-footerNavItem-73"
          href="/games"
          onClick={[Function]}
        >
          Games
        </a>
      </li>
      <li>
        <a
          className="Footer-footerNavItem-73"
          href="/"
          onClick={[Function]}
        >
          Friends
        </a>
      </li>
      <li>
        <a
          className="Footer-footerNavItem-73"
          href="/"
          onClick={[Function]}
        >
          Settings
        </a>
      </li>
    </ul>
    <span>
      Vault. All Rights Reserved 2018
    </span>
  </footer>
</div>
`;
