// Jest Snapshot v1, https://goo.gl/fbAQLP

exports[`renders correctly 1`] = `
<div
  className="mainWrapperCatalog"
>
  <div
    className="Games-containerCatalogWrap-1"
  >
    <div
      className="Games-containerCatalog-2"
    >
      <header
        className="Games-headerCatalog-3"
      >
        <ul
          className="MenuNavigation-root-4 dark"
        >
          <li
            className={undefined}
          >
            <div
              className="MenuNavigation-logout-13"
              onClick={[Function]}
            >
              Logout
            </div>
          </li>
          <li>
            <a
              className="MenuNavigation-headerMenuItem-5"
              href="/"
              onClick={[Function]}
            >
              <i
                className="MenuNavigation-menuIcon-6 MenuNavigation-dashboard-7"
              />
              <br />
               Dashboard
            </a>
          </li>
          <li>
            <a
              className="MenuNavigation-headerMenuItem-5"
              href="/"
              onClick={[Function]}
            >
              <i
                className="MenuNavigation-menuIcon-6 MenuNavigation-walletIcon-8"
              />
              <br />
               Wallet
            </a>
          </li>
          <li>
            <a
              className="MenuNavigation-headerMenuItem-5"
              href="/"
              onClick={[Function]}
            >
              <i
                className="MenuNavigation-menuIcon-6 MenuNavigation-shop-9"
              />
              <br />
               Shop
            </a>
          </li>
          <li>
            <a
              className="MenuNavigation-headerMenuItem-5"
              href="/games"
              onClick={[Function]}
            >
              <i
                className="MenuNavigation-menuIcon-6 MenuNavigation-games-10"
              />
              <br />
               Games
            </a>
          </li>
          <li>
            <a
              className="MenuNavigation-headerMenuItem-5"
              href="/"
              onClick={[Function]}
            >
              <i
                className="MenuNavigation-menuIcon-6 MenuNavigation-friends-11"
              />
              <br />
               Friends
            </a>
          </li>
          <li>
            <a
              className="MenuNavigation-headerMenuItem-5"
              href="/"
              onClick={[Function]}
            >
              <i
                className="MenuNavigation-menuIcon-6 MenuNavigation-settings-12"
              />
              <br />
               Settings
            </a>
          </li>
        </ul>
        <div
          className="HeaderCatalog-root-14"
        >
          <div
            className="HeaderCatalog-catalogUserBlock-15"
          >
            <p
              className="HeaderCatalog-catalogUserHello-16"
            >
               Hello, Ben A 
              <br />
              <span
                className="HeaderCatalog-catalogUserVerification-18"
              >
                KYC VERIFICATED
              </span>
            </p>
            <div
              className="HeaderCatalog-catalogUserPhoto-20"
            >
              <img
                alt=""
                src="user.png"
              />
            </div>
            <p
              className="HeaderCatalog-catalogUserBallance-17"
            >
               764.23 DCB 
              <br />
              <span
                className="HeaderCatalog-catalogUserBallDescr-19"
              >
                YOUR BALANCE
              </span>
            </p>
          </div>
        </div>
      </header>
      <main>
        <div
          className="CatalogList-catalogList-21"
        >
          <div
            className="CatalogItem-catalogListItem-22"
          >
            <div
              className="CatalogItem-catalogItemTop-23"
            >
              <div
                className={undefined}
              >
                <p
                  className="CatalogItem-catalogItemTitle-24"
                >
                  Rolled-Folled
                </p>
                <span
                  className="CatalogItem-catalogItemTitleComp-25"
                >
                  by Fall Inc.
                </span>
              </div>
              <div
                className="CatalogItem-catalogItemRating-26"
              >
                <p
                  className="CatalogItem-catalogRatingValue-27"
                >
                  <span
                    className="CatalogItem-catalogRatingValueNum-28"
                  >
                    6.5
                  </span>
                  <span
                    className="CatalogItem-catalogRatingValueFull-29"
                  >
                    /7
                  </span>
                </p>
                <div
                  className="CatalogItem-catalogRatingStars-30"
                >
                  <div
                    className="CatalogItem-fullStars-31"
                  />
                  <div
                    className="CatalogItem-halfStars-32"
                  />
                </div>
                <span
                  className="CatalogItem-catalogRatingCategory-33"
                >
                  DICE CATEGORY
                </span>
              </div>
            </div>
            <a
              className="CatalogItem-catalogItemImg-34"
              href="/"
              onClick={[Function]}
            >
              <img
                alt=""
                className="CatalogItem-catalogItemImgGame-35"
                src="catalogItem.png"
              />
              <div
                className="CatalogItem-catalogItemOnline-36"
              >
                online: 
                536
              </div>
            </a>
            <div
              className="CatalogItem-catalogItemCounter-37"
            >
              <div
                className="CatalogItem-catalogCounterWins-38"
              >
                <p
                  className="CatalogItem-catalogCounterBigstWin-41"
                >
                  <span
                    className="CatalogItem-catalogCounterValue-44"
                  >
                    4666.78
                     dcb
                  </span>
                   
                  <br />
                   BIGGEST WIN 
                  <br />
                   FOR ALL TIME
                </p>
              </div>
              <div
                className="CatalogItem-catalogCounterHours-39"
              >
                <p
                  className="CatalogItem-catalogCounterHoursVolume-42"
                >
                  <span
                    className="CatalogItem-catalogCounterValue-44"
                  >
                    167.12
                     dcb
                  </span>
                   
                  <br />
                   VOLUME OF 
                  <br />
                  24 HOURS
                </p>
              </div>
              <div
                className="CatalogItem-catalogCounterContracts-40"
              >
                <p
                  className="CatalogItem-catalogCounterContractsVolume-43"
                >
                  <span
                    className="CatalogItem-catalogCounterValue-44"
                  >
                    20243.12
                     dcb
                  </span>
                   
                  <br />
                   ALL VOLUME OF 
                  <br />
                   SMART CONTRACT
                </p>
              </div>
            </div>
            <a
              className="CatalogItem-catalogItemBtn-45"
              href="/"
              onClick={[Function]}
            >
              Play Now
            </a>
            <div
              className="CatalogItem-catalogItemNext-46"
            >
              <p>
                next roll in:
                 
                <span
                  className={undefined}
                >
                  00:00:23.12
                </span>
              </p>
            </div>
          </div>
          <div
            className="CatalogItem-catalogListItem-22"
          >
            <div
              className="CatalogItem-catalogItemTop-23"
            >
              <div
                className={undefined}
              >
                <p
                  className="CatalogItem-catalogItemTitle-24"
                >
                  Rolled-Folled-Rolled
                </p>
                <span
                  className="CatalogItem-catalogItemTitleComp-25"
                >
                  by Fall Fall Fall Fall Inc.
                </span>
              </div>
              <div
                className="CatalogItem-catalogItemRating-26"
              >
                <p
                  className="CatalogItem-catalogRatingValue-27"
                >
                  <span
                    className="CatalogItem-catalogRatingValueNum-28"
                  >
                    6.5
                  </span>
                  <span
                    className="CatalogItem-catalogRatingValueFull-29"
                  >
                    /7
                  </span>
                </p>
                <div
                  className="CatalogItem-catalogRatingStars-30"
                >
                  <div
                    className="CatalogItem-fullStars-31"
                  />
                  <div
                    className="CatalogItem-halfStars-32"
                  />
                </div>
                <span
                  className="CatalogItem-catalogRatingCategory-33"
                >
                  DICE DICE DICE CATEGORY
                </span>
              </div>
            </div>
            <a
              className="CatalogItem-catalogItemImg-34"
              href="/"
              onClick={[Function]}
            >
              <img
                alt=""
                className="CatalogItem-catalogItemImgGame-35"
                src="catalogItem.png"
              />
              <div
                className="CatalogItem-catalogItemOnline-36"
              >
                online: 
                536
              </div>
            </a>
            <div
              className="CatalogItem-catalogItemCounter-37"
            >
              <div
                className="CatalogItem-catalogCounterWins-38"
              >
                <p
                  className="CatalogItem-catalogCounterBigstWin-41"
                >
                  <span
                    className="CatalogItem-catalogCounterValue-44"
                  >
                    466603.782390328
                     dcb
                  </span>
                   
                  <br />
                   BIGGEST WIN 
                  <br />
                   FOR ALL TIME
                </p>
              </div>
              <div
                className="CatalogItem-catalogCounterHours-39"
              >
                <p
                  className="CatalogItem-catalogCounterHoursVolume-42"
                >
                  <span
                    className="CatalogItem-catalogCounterValue-44"
                  >
                    167434.1243434
                     dcb
                  </span>
                   
                  <br />
                   VOLUME OF 
                  <br />
                  24 HOURS
                </p>
              </div>
              <div
                className="CatalogItem-catalogCounterContracts-40"
              >
                <p
                  className="CatalogItem-catalogCounterContractsVolume-43"
                >
                  <span
                    className="CatalogItem-catalogCounterValue-44"
                  >
                    2024343.134342
                     dcb
                  </span>
                   
                  <br />
                   ALL VOLUME OF 
                  <br />
                   SMART CONTRACT
                </p>
              </div>
            </div>
            <a
              className="CatalogItem-catalogItemBtn-45"
              href="/"
              onClick={[Function]}
            >
              Play Now
            </a>
            <div
              className="CatalogItem-catalogItemNext-46"
            >
              <p>
                next roll in:
                 
                <span
                  className={undefined}
                >
                  00:00:23.12
                </span>
              </p>
            </div>
          </div>
          <div
            className="CatalogItem-catalogListItem-22"
          >
            <div
              className="CatalogItem-catalogItemTop-23"
            >
              <div
                className={undefined}
              >
                <p
                  className="CatalogItem-catalogItemTitle-24"
                >
                  Rolled-Folled
                </p>
                <span
                  className="CatalogItem-catalogItemTitleComp-25"
                >
                  by Fall Inc.
                </span>
              </div>
              <div
                className="CatalogItem-catalogItemRating-26"
              >
                <p
                  className="CatalogItem-catalogRatingValue-27"
                >
                  <span
                    className="CatalogItem-catalogRatingValueNum-28"
                  >
                    6.5
                  </span>
                  <span
                    className="CatalogItem-catalogRatingValueFull-29"
                  >
                    /7
                  </span>
                </p>
                <div
                  className="CatalogItem-catalogRatingStars-30"
                >
                  <div
                    className="CatalogItem-fullStars-31"
                  />
                  <div
                    className="CatalogItem-halfStars-32"
                  />
                </div>
                <span
                  className="CatalogItem-catalogRatingCategory-33"
                >
                  DICE CATEGORY
                </span>
              </div>
            </div>
            <a
              className="CatalogItem-catalogItemImg-34"
              href="/"
              onClick={[Function]}
            >
              <img
                alt=""
                className="CatalogItem-catalogItemImgGame-35"
                src="catalogItem.png"
              />
              <div
                className="CatalogItem-catalogItemOnline-36"
              >
                online: 
                536
              </div>
            </a>
            <div
              className="CatalogItem-catalogItemCounter-37"
            >
              <div
                className="CatalogItem-catalogCounterWins-38"
              >
                <p
                  className="CatalogItem-catalogCounterBigstWin-41"
                >
                  <span
                    className="CatalogItem-catalogCounterValue-44"
                  >
                    4666.78
                     dcb
                  </span>
                   
                  <br />
                   BIGGEST WIN 
                  <br />
                   FOR ALL TIME
                </p>
              </div>
              <div
                className="CatalogItem-catalogCounterHours-39"
              >
                <p
                  className="CatalogItem-catalogCounterHoursVolume-42"
                >
                  <span
                    className="CatalogItem-catalogCounterValue-44"
                  >
                    167.12
                     dcb
                  </span>
                   
                  <br />
                   VOLUME OF 
                  <br />
                  24 HOURS
                </p>
              </div>
              <div
                className="CatalogItem-catalogCounterContracts-40"
              >
                <p
                  className="CatalogItem-catalogCounterContractsVolume-43"
                >
                  <span
                    className="CatalogItem-catalogCounterValue-44"
                  >
                    20243.12
                     dcb
                  </span>
                   
                  <br />
                   ALL VOLUME OF 
                  <br />
                   SMART CONTRACT
                </p>
              </div>
            </div>
            <a
              className="CatalogItem-catalogItemBtn-45"
              href="/"
              onClick={[Function]}
            >
              Play Now
            </a>
            <div
              className="CatalogItem-catalogItemNext-46"
            >
              <p>
                next roll in:
                 
                <span
                  className={undefined}
                >
                  00:00:23.12
                </span>
              </p>
            </div>
          </div>
          <div
            className="CatalogItem-catalogListItem-22"
          >
            <div
              className="CatalogItem-catalogItemTop-23"
            >
              <div
                className={undefined}
              >
                <p
                  className="CatalogItem-catalogItemTitle-24"
                >
                  Rolled-Folled
                </p>
                <span
                  className="CatalogItem-catalogItemTitleComp-25"
                >
                  by Fall Inc.
                </span>
              </div>
              <div
                className="CatalogItem-catalogItemRating-26"
              >
                <p
                  className="CatalogItem-catalogRatingValue-27"
                >
                  <span
                    className="CatalogItem-catalogRatingValueNum-28"
                  >
                    6.5
                  </span>
                  <span
                    className="CatalogItem-catalogRatingValueFull-29"
                  >
                    /7
                  </span>
                </p>
                <div
                  className="CatalogItem-catalogRatingStars-30"
                >
                  <div
                    className="CatalogItem-fullStars-31"
                  />
                  <div
                    className="CatalogItem-halfStars-32"
                  />
                </div>
                <span
                  className="CatalogItem-catalogRatingCategory-33"
                >
                  DICE CATEGORY
                </span>
              </div>
            </div>
            <a
              className="CatalogItem-catalogItemImg-34"
              href="/"
              onClick={[Function]}
            >
              <img
                alt=""
                className="CatalogItem-catalogItemImgGame-35"
                src="catalogItem.png"
              />
              <div
                className="CatalogItem-catalogItemOnline-36"
              >
                online: 
                536
              </div>
            </a>
            <div
              className="CatalogItem-catalogItemCounter-37"
            >
              <div
                className="CatalogItem-catalogCounterWins-38"
              >
                <p
                  className="CatalogItem-catalogCounterBigstWin-41"
                >
                  <span
                    className="CatalogItem-catalogCounterValue-44"
                  >
                    6.78
                     dcb
                  </span>
                   
                  <br />
                   BIGGEST WIN 
                  <br />
                   FOR ALL TIME
                </p>
              </div>
              <div
                className="CatalogItem-catalogCounterHours-39"
              >
                <p
                  className="CatalogItem-catalogCounterHoursVolume-42"
                >
                  <span
                    className="CatalogItem-catalogCounterValue-44"
                  >
                    167.12
                     dcb
                  </span>
                   
                  <br />
                   VOLUME OF 
                  <br />
                  24 HOURS
                </p>
              </div>
              <div
                className="CatalogItem-catalogCounterContracts-40"
              >
                <p
                  className="CatalogItem-catalogCounterContractsVolume-43"
                >
                  <span
                    className="CatalogItem-catalogCounterValue-44"
                  >
                    20243.12
                     dcb
                  </span>
                   
                  <br />
                   ALL VOLUME OF 
                  <br />
                   SMART CONTRACT
                </p>
              </div>
            </div>
            <a
              className="CatalogItem-catalogItemBtn-45"
              href="/"
              onClick={[Function]}
            >
              Play Now
            </a>
            <div
              className="CatalogItem-catalogItemNext-46"
            >
              <p>
                next roll in:
                 
                <span
                  className={undefined}
                >
                  00:00:23.12
                </span>
              </p>
            </div>
          </div>
          <div
            className="CatalogItem-catalogListItem-22"
          >
            <div
              className="CatalogItem-catalogItemTop-23"
            >
              <div
                className={undefined}
              >
                <p
                  className="CatalogItem-catalogItemTitle-24"
                >
                  Rolled-Folled
                </p>
                <span
                  className="CatalogItem-catalogItemTitleComp-25"
                >
                  by Fall Inc.
                </span>
              </div>
              <div
                className="CatalogItem-catalogItemRating-26"
              >
                <p
                  className="CatalogItem-catalogRatingValue-27"
                >
                  <span
                    className="CatalogItem-catalogRatingValueNum-28"
                  >
                    6.5
                  </span>
                  <span
                    className="CatalogItem-catalogRatingValueFull-29"
                  >
                    /7
                  </span>
                </p>
                <div
                  className="CatalogItem-catalogRatingStars-30"
                >
                  <div
                    className="CatalogItem-fullStars-31"
                  />
                  <div
                    className="CatalogItem-halfStars-32"
                  />
                </div>
                <span
                  className="CatalogItem-catalogRatingCategory-33"
                >
                  DICE CATEGORY
                </span>
              </div>
            </div>
            <a
              className="CatalogItem-catalogItemImg-34"
              href="/"
              onClick={[Function]}
            >
              <img
                alt=""
                className="CatalogItem-catalogItemImgGame-35"
                src="catalogItem.png"
              />
              <div
                className="CatalogItem-catalogItemOnline-36"
              >
                online: 
                536
              </div>
            </a>
            <div
              className="CatalogItem-catalogItemCounter-37"
            >
              <div
                className="CatalogItem-catalogCounterWins-38"
              >
                <p
                  className="CatalogItem-catalogCounterBigstWin-41"
                >
                  <span
                    className="CatalogItem-catalogCounterValue-44"
                  >
                    4666.78
                     dcb
                  </span>
                   
                  <br />
                   BIGGEST WIN 
                  <br />
                   FOR ALL TIME
                </p>
              </div>
              <div
                className="CatalogItem-catalogCounterHours-39"
              >
                <p
                  className="CatalogItem-catalogCounterHoursVolume-42"
                >
                  <span
                    className="CatalogItem-catalogCounterValue-44"
                  >
                    167.12
                     dcb
                  </span>
                   
                  <br />
                   VOLUME OF 
                  <br />
                  24 HOURS
                </p>
              </div>
              <div
                className="CatalogItem-catalogCounterContracts-40"
              >
                <p
                  className="CatalogItem-catalogCounterContractsVolume-43"
                >
                  <span
                    className="CatalogItem-catalogCounterValue-44"
                  >
                    20243.12
                     dcb
                  </span>
                   
                  <br />
                   ALL VOLUME OF 
                  <br />
                   SMART CONTRACT
                </p>
              </div>
            </div>
            <a
              className="CatalogItem-catalogItemBtn-45"
              href="/"
              onClick={[Function]}
            >
              Play Now
            </a>
            <div
              className="CatalogItem-catalogItemNext-46"
            >
              <p>
                next roll in:
                 
                <span
                  className={undefined}
                >
                  00:00:23.12
                </span>
              </p>
            </div>
          </div>
          <div
            className="CatalogItem-catalogListItem-22"
          >
            <div
              className="CatalogItem-catalogItemTop-23"
            >
              <div
                className={undefined}
              >
                <p
                  className="CatalogItem-catalogItemTitle-24"
                >
                  Rolled-Folled
                </p>
                <span
                  className="CatalogItem-catalogItemTitleComp-25"
                >
                  by Fall Inc.
                </span>
              </div>
              <div
                className="CatalogItem-catalogItemRating-26"
              >
                <p
                  className="CatalogItem-catalogRatingValue-27"
                >
                  <span
                    className="CatalogItem-catalogRatingValueNum-28"
                  >
                    6.5
                  </span>
                  <span
                    className="CatalogItem-catalogRatingValueFull-29"
                  >
                    /7
                  </span>
                </p>
                <div
                  className="CatalogItem-catalogRatingStars-30"
                >
                  <div
                    className="CatalogItem-fullStars-31"
                  />
                  <div
                    className="CatalogItem-halfStars-32"
                  />
                </div>
                <span
                  className="CatalogItem-catalogRatingCategory-33"
                >
                  DICE CATEGORY
                </span>
              </div>
            </div>
            <a
              className="CatalogItem-catalogItemImg-34"
              href="/"
              onClick={[Function]}
            >
              <img
                alt=""
                className="CatalogItem-catalogItemImgGame-35"
                src="catalogItem.png"
              />
              <div
                className="CatalogItem-catalogItemOnline-36"
              >
                online: 
                536
              </div>
            </a>
            <div
              className="CatalogItem-catalogItemCounter-37"
            >
              <div
                className="CatalogItem-catalogCounterWins-38"
              >
                <p
                  className="CatalogItem-catalogCounterBigstWin-41"
                >
                  <span
                    className="CatalogItem-catalogCounterValue-44"
                  >
                    4666.78
                     dcb
                  </span>
                   
                  <br />
                   BIGGEST WIN 
                  <br />
                   FOR ALL TIME
                </p>
              </div>
              <div
                className="CatalogItem-catalogCounterHours-39"
              >
                <p
                  className="CatalogItem-catalogCounterHoursVolume-42"
                >
                  <span
                    className="CatalogItem-catalogCounterValue-44"
                  >
                    167.12
                     dcb
                  </span>
                   
                  <br />
                   VOLUME OF 
                  <br />
                  24 HOURS
                </p>
              </div>
              <div
                className="CatalogItem-catalogCounterContracts-40"
              >
                <p
                  className="CatalogItem-catalogCounterContractsVolume-43"
                >
                  <span
                    className="CatalogItem-catalogCounterValue-44"
                  >
                    20243.12
                     dcb
                  </span>
                   
                  <br />
                   ALL VOLUME OF 
                  <br />
                   SMART CONTRACT
                </p>
              </div>
            </div>
            <a
              className="CatalogItem-catalogItemBtn-45"
              href="/"
              onClick={[Function]}
            >
              Play Now
            </a>
            <div
              className="CatalogItem-catalogItemNext-46"
            >
              <p>
                next roll in:
                 
                <span
                  className={undefined}
                >
                  00:00:23.12
                </span>
              </p>
            </div>
          </div>
        </div>
      </main>
    </div>
  </div>
</div>
`;
