// Jest Snapshot v1, https://goo.gl/fbAQLP

exports[`renders correctly 1`] = `
<div
  className="Registration-root-1"
>
  <div
    className="Registration-containerRegistrat-2"
  >
    <div
      className="Step1-root-6"
    >
      <form
        className="Step1-registrStep1-7"
        onSubmit={[Function]}
      >
        <h1
          className="Step1-step1Title-8"
        >
          Registration
        </h1>
        <div
          className="Step1-step1Label-9"
        >
          Vault ID:
        </div>
        <div
          className="Step1-wrKey-11"
        >
          0000000000000000000000000000000000000000000000000000000000000000
          <img
            alt=""
            className="Step1-refresh-12"
            onClick={[Function]}
            src="refresh.png"
          />
        </div>
        <button
          className="Step1-step1BtnsSave-16"
          onClick={[Function]}
        >
          Save key
        </button>
        <div>
          <a
            className="Step1-step1BtnBack-13"
            href="/login"
            onClick={[Function]}
          >
            Login
          </a>
          <a
            className="Step1-step1BtnsFinish-14"
            href="/finish-registration"
            onClick={[Function]}
          >
            Finish!
          </a>
        </div>
      </form>
    </div>
    <div
      className="Registration-footer-3"
    >
      <span
        className="Registration-copyright-4"
      >
        Vault. All Rights Reserved 2018
      </span>
      <div>
        <a
          className="Registration-footerLink-5"
          href="/"
        >
          Privacy Policy
        </a>
        <a
          className="Registration-footerLink-5"
          href="/"
        >
          Terms and conditions
        </a>
      </div>
    </div>
  </div>
</div>
`;
