// Jest Snapshot v1, https://goo.gl/fbAQLP

exports[`renders correctly 1`] = `
<div
  className="mainWrapperTrade"
>
  <div
    className="Case-containerTradeWrap-1"
  >
    <div
      className="Case-containerTrade-2"
    >
      <header
        className="Case-headerCase-3"
      >
        <ul
          className="MenuNavigation-root-5 dark"
        >
          <div
            className="MenuNavigation-headerMenuItem-6 MenuNavigation-wrLogout-7"
            onClick={[Function]}
          >
            <i
              className="MenuNavigation-menuIcon-8 MenuNavigation-logout-9"
            />
            <br />
             Logout
          </div>
          <li>
            <a
              aria-current="page"
              className="MenuNavigation-headerMenuItem-6 active"
              href="/"
              onClick={[Function]}
              style={Object {}}
            >
              <i
                className="MenuNavigation-menuIcon-8 MenuNavigation-walletIcon-10"
              />
              <br />
               Wallet
            </a>
          </li>
          <li>
            <a
              aria-current={null}
              className="MenuNavigation-headerMenuItem-6"
              href="/vchange"
              onClick={[Function]}
            >
              <i
                className="MenuNavigation-menuIcon-8 MenuNavigation-vexchange-11"
              />
              <br />
               VChange
            </a>
          </li>
          <li>
            <a
              aria-current={null}
              className="MenuNavigation-headerMenuItem-6"
              href="/games"
              onClick={[Function]}
            >
              <i
                className="MenuNavigation-menuIcon-8 MenuNavigation-games-14"
              />
              <br />
               Games
            </a>
          </li>
          <li>
            <a
              aria-current={null}
              className="MenuNavigation-headerMenuItem-6"
              href="/#apps"
              onClick={[Function]}
            >
              <i
                className="MenuNavigation-menuIcon-8 MenuNavigation-apps-12"
              />
              <br />
               Apps
            </a>
          </li>
          <li>
            <a
              aria-current={null}
              className="MenuNavigation-headerMenuItem-6"
              href="/#shops"
              onClick={[Function]}
            >
              <i
                className="MenuNavigation-menuIcon-8 MenuNavigation-shop-13"
              />
              <br />
               Shop
            </a>
          </li>
          <li>
            <a
              aria-current={null}
              className="MenuNavigation-headerMenuItem-6"
              href="/#contacts"
              onClick={[Function]}
            >
              <i
                className="MenuNavigation-menuIcon-8 MenuNavigation-friends-15"
              />
              <br />
               Contacts
            </a>
          </li>
          <li>
            <a
              aria-current={null}
              className="MenuNavigation-headerMenuItem-6"
              href="/#settings"
              onClick={[Function]}
            >
              <i
                className="MenuNavigation-menuIcon-8 MenuNavigation-settings-16"
              />
              <br />
               Settings
            </a>
          </li>
        </ul>
      </header>
      <main
        className="Case-case-4"
      >
        <div
          className="CaseFilter-root-17"
        >
          <input
            className="CaseFilter-caseFilterSearch-18"
            placeholder="Search"
            type="text"
          />
          <div
            className="CaseFilter-caseFilterOptions-19"
          >
            <div
              className="CaseFilter-caseFilterType-20"
            >
              <div
                className="CaseFilter-caseFilterItem-21"
              >
                less than $15&lt;
              </div>
              <div
                className="CaseFilter-caseFilterItem-21"
              >
                $15-30
              </div>
              <div
                className="CaseFilter-caseFilterItem-21 CaseFilter-selectedItem-23"
              >
                 $30-60
              </div>
              <div
                className="CaseFilter-caseFilterItem-21"
              >
                $60-90
              </div>
              <div
                className="CaseFilter-caseFilterItem-21"
              >
                less than $15&lt;
              </div>
            </div>
            <div
              className="CaseFilter-caseFilterType-20"
            >
              <div
                className="CaseFilter-caseFilterItem-21"
              >
                CS:GO
              </div>
              <div
                className="CaseFilter-caseFilterItem-21"
              >
                Dota 2
              </div>
              <div
                className="CaseFilter-caseFilterItem-21 CaseFilter-selectedItem-23"
              >
                Starcraft 2
              </div>
              <div
                className="CaseFilter-caseFilterItem-21"
              >
                 Maincraft
              </div>
              <div
                className="CaseFilter-caseFilterItem-21"
              >
                Rainbow Six
              </div>
            </div>
          </div>
          <div
            className="CaseFilter-caseFilterBtn-24"
          />
        </div>
        <div
          className="CaseOpen-root-25"
        >
          <div
            className="CaseOpen-caseOpenTop-26"
          >
            <div
              className="CaseOpen-caseOpenBackBtn-27"
            />
            <div
              className="CaseOpen-caseOpenTopImg-28"
            >
              <img
                alt=""
                src="caseXOpen.png"
              />
            </div>
            <div
              className="CaseOpen-caseOpenTopDescr-29"
            >
              <div
                className="CaseOpen-caseOpenTopMarker-30"
              />
              <div
                className="CaseOpen-caseOpenTopName-31"
              >
                Case: 
                <span>
                  Hello, buddy!
                </span>
              </div>
              <div
                className="CaseOpen-caseOpenTopPrice-32"
              >
                Open for 
                <span>
                  $34.20
                </span>
              </div>
              <div
                className="CaseOpen-caseOpenTopGame-33"
              >
                Case: 
                <span>
                  CS:GO
                </span>
              </div>
            </div>
          </div>
          <div
            className="CaseOpen-caseOpenContent-34"
          >
            <div
              className="CaseOpen-caseOpenTitle-35"
            >
              This case cointains this stuff:
            </div>
            <div
              className="CaseOpen-caseOpenItem-36"
            >
              <div
                className="CaseOpen-caseOpenItemImg-37"
              >
                <img
                  alt=""
                  src="GunCase.png"
                />
              </div>
              <div
                className="CaseOpen-caseOpenItemName-38"
              >
                Gun: 
                <span>
                  Good Weapon2 1.2
                </span>
              </div>
            </div>
            <div
              className="CaseOpen-caseOpenItem-36"
            >
              <div
                className="CaseOpen-caseOpenItemImg-37"
              >
                <img
                  alt=""
                  src="GunCase.png"
                />
              </div>
              <div
                className="CaseOpen-caseOpenItemName-38"
              >
                Gun: 
                <span>
                  Good Weapon2 1.2
                </span>
              </div>
            </div>
            <div
              className="CaseOpen-caseOpenItem-36"
            >
              <div
                className="CaseOpen-caseOpenItemImg-37"
              >
                <img
                  alt=""
                  src="GunCase.png"
                />
              </div>
              <div
                className="CaseOpen-caseOpenItemName-38"
              >
                Gun: 
                <span>
                  Good Weapon2 1.2
                </span>
              </div>
            </div>
            <div
              className="CaseOpen-caseOpenItem-36"
            >
              <div
                className="CaseOpen-caseOpenItemImg-37"
              >
                <img
                  alt=""
                  src="GunCase.png"
                />
              </div>
              <div
                className="CaseOpen-caseOpenItemName-38"
              >
                Gun: 
                <span>
                  Good Weapon2 1.2
                </span>
              </div>
            </div>
            <div
              className="CaseOpen-caseOpenItem-36"
            >
              <div
                className="CaseOpen-caseOpenItemImg-37"
              >
                <img
                  alt=""
                  src="GunCase.png"
                />
              </div>
              <div
                className="CaseOpen-caseOpenItemName-38"
              >
                Gun: 
                <span>
                  Good Weapon2 1.2
                </span>
              </div>
            </div>
            <div
              className="CaseOpen-caseOpenItem-36"
            >
              <div
                className="CaseOpen-caseOpenItemImg-37"
              >
                <img
                  alt=""
                  src="GunCase.png"
                />
              </div>
              <div
                className="CaseOpen-caseOpenItemName-38"
              >
                Gun: 
                <span>
                  Good Weapon2 1.2
                </span>
              </div>
            </div>
            <div
              className="CaseOpen-caseOpenItem-36"
            >
              <div
                className="CaseOpen-caseOpenItemImg-37"
              >
                <img
                  alt=""
                  src="GunCase.png"
                />
              </div>
              <div
                className="CaseOpen-caseOpenItemName-38"
              >
                Gun: 
                <span>
                  Good Weapon2 1.2
                </span>
              </div>
            </div>
            <div
              className="CaseOpen-caseOpenItem-36"
            >
              <div
                className="CaseOpen-caseOpenItemImg-37"
              >
                <img
                  alt=""
                  src="GunCase.png"
                />
              </div>
              <div
                className="CaseOpen-caseOpenItemName-38"
              >
                Gun: 
                <span>
                  Good Weapon2 1.2
                </span>
              </div>
            </div>
            <div
              className="CaseOpen-caseOpenItem-36"
            >
              <div
                className="CaseOpen-caseOpenItemImg-37"
              >
                <img
                  alt=""
                  src="GunCase.png"
                />
              </div>
              <div
                className="CaseOpen-caseOpenItemName-38"
              >
                Gun: 
                <span>
                  Good Weapon2 1.2
                </span>
              </div>
            </div>
            <div
              className="CaseOpen-caseOpenItem-36"
            >
              <div
                className="CaseOpen-caseOpenItemImg-37"
              >
                <img
                  alt=""
                  src="GunCase.png"
                />
              </div>
              <div
                className="CaseOpen-caseOpenItemName-38"
              >
                Gun: 
                <span>
                  Good Weapon2 1.2
                </span>
              </div>
            </div>
            <div
              className="CaseOpen-caseOpenItem-36"
            >
              <div
                className="CaseOpen-caseOpenItemImg-37"
              >
                <img
                  alt=""
                  src="GunCase.png"
                />
              </div>
              <div
                className="CaseOpen-caseOpenItemName-38"
              >
                Gun: 
                <span>
                  Good Weapon2 1.2
                </span>
              </div>
            </div>
            <div
              className="CaseOpen-caseOpenItem-36"
            >
              <div
                className="CaseOpen-caseOpenItemImg-37"
              >
                <img
                  alt=""
                  src="GunCase.png"
                />
              </div>
              <div
                className="CaseOpen-caseOpenItemName-38"
              >
                Gun: 
                <span>
                  Good Weapon2 1.2
                </span>
              </div>
            </div>
            <div
              className="CaseOpen-caseOpenItem-36"
            >
              <div
                className="CaseOpen-caseOpenItemImg-37"
              >
                <img
                  alt=""
                  src="GunCase.png"
                />
              </div>
              <div
                className="CaseOpen-caseOpenItemName-38"
              >
                Gun: 
                <span>
                  Good Weapon2 1.2
                </span>
              </div>
            </div>
            <div
              className="CaseOpen-caseOpenItem-36"
            >
              <div
                className="CaseOpen-caseOpenItemImg-37"
              >
                <img
                  alt=""
                  src="GunCase.png"
                />
              </div>
              <div
                className="CaseOpen-caseOpenItemName-38"
              >
                Gun: 
                <span>
                  Good Weapon2 1.2
                </span>
              </div>
            </div>
            <div
              className="CaseOpen-caseOpenItem-36"
            >
              <div
                className="CaseOpen-caseOpenItemImg-37"
              >
                <img
                  alt=""
                  src="GunCase.png"
                />
              </div>
              <div
                className="CaseOpen-caseOpenItemName-38"
              >
                Gun: 
                <span>
                  Good Weapon2 1.2
                </span>
              </div>
            </div>
            <div
              className="CaseOpen-caseOpenItem-36"
            >
              <div
                className="CaseOpen-caseOpenItemImg-37"
              >
                <img
                  alt=""
                  src="GunCase.png"
                />
              </div>
              <div
                className="CaseOpen-caseOpenItemName-38"
              >
                Gun: 
                <span>
                  Good Weapon2 1.2
                </span>
              </div>
            </div>
          </div>
        </div>
        <div
          className="CasesRelated-root-39"
        >
          <div
            className="CasesRelated-casesRelatedTilte-40"
          >
            Related to this case:
          </div>
          <div
            className="CasesRelated-casesRelatedItem-41"
          >
            <div
              className="CasesRelated-casesRelatedItemImg-42"
            >
              <img
                alt=""
                src="caseX.png"
              />
            </div>
            <div
              className="CasesRelated-casesRelatedItemName-43"
            >
              Gun: 
              <span>
                Good Weapon2 1.2
              </span>
            </div>
          </div>
          <div
            className="CasesRelated-casesRelatedItem-41"
          >
            <div
              className="CasesRelated-casesRelatedItemImg-42"
            >
              <img
                alt=""
                src="caseX.png"
              />
            </div>
            <div
              className="CasesRelated-casesRelatedItemName-43"
            >
              Gun: 
              <span>
                Good Weapon2 1.2
              </span>
            </div>
          </div>
          <div
            className="CasesRelated-casesRelatedItem-41"
          >
            <div
              className="CasesRelated-casesRelatedItemImg-42"
            >
              <img
                alt=""
                src="caseX.png"
              />
            </div>
            <div
              className="CasesRelated-casesRelatedItemName-43"
            >
              Gun: 
              <span>
                Good Weapon2 1.2
              </span>
            </div>
          </div>
          <div
            className="CasesRelated-casesRelatedItem-41"
          >
            <div
              className="CasesRelated-casesRelatedItemImg-42"
            >
              <img
                alt=""
                src="caseX.png"
              />
            </div>
            <div
              className="CasesRelated-casesRelatedItemName-43"
            >
              Gun: 
              <span>
                Good Weapon2 1.2
              </span>
            </div>
          </div>
          <div
            className="CasesRelated-casesRelatedItem-41"
          >
            <div
              className="CasesRelated-casesRelatedItemImg-42"
            >
              <img
                alt=""
                src="caseX.png"
              />
            </div>
            <div
              className="CasesRelated-casesRelatedItemName-43"
            >
              Gun: 
              <span>
                Good Weapon2 1.2
              </span>
            </div>
          </div>
          <div
            className="CasesRelated-casesRelatedItem-41"
          >
            <div
              className="CasesRelated-casesRelatedItemImg-42"
            >
              <img
                alt=""
                src="caseX.png"
              />
            </div>
            <div
              className="CasesRelated-casesRelatedItemName-43"
            >
              Gun: 
              <span>
                Good Weapon2 1.2
              </span>
            </div>
          </div>
        </div>
      </main>
    </div>
  </div>
  <footer
    className="Footer-root-44"
  >
    <ul
      className="Footer-footerNav-45"
    >
      <li>
        <a
          className="Footer-footerNavItem-46"
          href="/"
          onClick={[Function]}
        >
          Dashboard
        </a>
      </li>
      <li>
        <a
          className="Footer-footerNavItem-46"
          href="/"
          onClick={[Function]}
        >
          Wallet
        </a>
      </li>
      <li>
        <a
          className="Footer-footerNavItem-46"
          href="/"
          onClick={[Function]}
        >
          Shop
        </a>
      </li>
      <li>
        <a
          className="Footer-footerNavItem-46"
          href="/games"
          onClick={[Function]}
        >
          Games
        </a>
      </li>
      <li>
        <a
          className="Footer-footerNavItem-46"
          href="/"
          onClick={[Function]}
        >
          Friends
        </a>
      </li>
      <li>
        <a
          className="Footer-footerNavItem-46"
          href="/"
          onClick={[Function]}
        >
          Settings
        </a>
      </li>
    </ul>
    <span>
      Vault. All Rights Reserved 2018
    </span>
  </footer>
</div>
`;
