// Jest Snapshot v1, https://goo.gl/fbAQLP

exports[`renders correctly 1`] = `
<div
  className="mainWrapperTrade"
>
  <div
    className="Cases-containerTradeWrap-1"
  >
    <div
      className="Cases-containerTrade-2"
    >
      <header
        className="Cases-headerSkins-3"
      >
        <ul
          className="MenuNavigation-root-5 dark"
        >
          <div
            className="MenuNavigation-headerMenuItem-6 MenuNavigation-wrLogout-7"
            onClick={[Function]}
          >
            <i
              className="MenuNavigation-menuIcon-8 MenuNavigation-logout-9"
            />
            <br />
             Logout
          </div>
          <li>
            <a
              aria-current="page"
              className="MenuNavigation-headerMenuItem-6 active"
              href="/"
              onClick={[Function]}
              style={Object {}}
            >
              <i
                className="MenuNavigation-menuIcon-8 MenuNavigation-walletIcon-10"
              />
              <br />
               Wallet
            </a>
          </li>
          <li>
            <a
              aria-current={null}
              className="MenuNavigation-headerMenuItem-6"
              href="/vchange"
              onClick={[Function]}
            >
              <i
                className="MenuNavigation-menuIcon-8 MenuNavigation-vexchange-11"
              />
              <br />
               VChange
            </a>
          </li>
          <li>
            <a
              aria-current={null}
              className="MenuNavigation-headerMenuItem-6"
              href="/games"
              onClick={[Function]}
            >
              <i
                className="MenuNavigation-menuIcon-8 MenuNavigation-games-14"
              />
              <br />
               Games
            </a>
          </li>
          <li>
            <a
              aria-current={null}
              className="MenuNavigation-headerMenuItem-6"
              href="/#apps"
              onClick={[Function]}
            >
              <i
                className="MenuNavigation-menuIcon-8 MenuNavigation-apps-12"
              />
              <br />
               Apps
            </a>
          </li>
          <li>
            <a
              aria-current={null}
              className="MenuNavigation-headerMenuItem-6"
              href="/#shops"
              onClick={[Function]}
            >
              <i
                className="MenuNavigation-menuIcon-8 MenuNavigation-shop-13"
              />
              <br />
               Shop
            </a>
          </li>
          <li>
            <a
              aria-current={null}
              className="MenuNavigation-headerMenuItem-6"
              href="/#contacts"
              onClick={[Function]}
            >
              <i
                className="MenuNavigation-menuIcon-8 MenuNavigation-friends-15"
              />
              <br />
               Contacts
            </a>
          </li>
          <li>
            <a
              aria-current={null}
              className="MenuNavigation-headerMenuItem-6"
              href="/#settings"
              onClick={[Function]}
            >
              <i
                className="MenuNavigation-menuIcon-8 MenuNavigation-settings-16"
              />
              <br />
               Settings
            </a>
          </li>
        </ul>
      </header>
      <main
        className="Cases-cases-4"
      >
        <div
          className="CasesFilter-root-17"
        >
          <input
            className="CasesFilter-casesFilterSearch-18"
            placeholder="Search"
            type="text"
          />
          <div
            className="CasesFilter-casesFilterOptions-19"
          >
            <div
              className="CasesFilter-casesFilterType-20"
            >
              <div
                className="CasesFilter-casesFilterItem-21"
              >
                less than $15&lt;
              </div>
              <div
                className="CasesFilter-casesFilterItem-21"
              >
                $15-30
              </div>
              <div
                className="CasesFilter-casesFilterItem-21 CasesFilter-selectedItem-23"
              >
                 $30-60
              </div>
              <div
                className="CasesFilter-casesFilterItem-21"
              >
                $60-90
              </div>
              <div
                className="CasesFilter-casesFilterItem-21"
              >
                less than $15&lt;
              </div>
            </div>
            <div
              className="CasesFilter-casesFilterType-20"
            >
              <div
                className="CasesFilter-casesFilterItem-21"
              >
                CS:GO
              </div>
              <div
                className="CasesFilter-casesFilterItem-21"
              >
                Dota 2
              </div>
              <div
                className="CasesFilter-casesFilterItem-21 CasesFilter-selectedItem-23"
              >
                Starcraft 2
              </div>
              <div
                className="CasesFilter-casesFilterItem-21"
              >
                 Maincraft
              </div>
              <div
                className="CasesFilter-casesFilterItem-21"
              >
                Rainbow Six
              </div>
            </div>
          </div>
          <div
            className="CasesFilter-casesFilterBtn-24"
          />
        </div>
        <div
          className="CasesList-root-25"
        >
          <div
            className="CasesList-casesListItem-26"
          >
            <div
              className="CasesList-casesListItemImg-27"
            >
              <img
                alt=""
                src="caseX.png"
              />
            </div>
            <div
              className="CasesList-casesListItemName-28"
            >
              Case: 
              <span>
                Hello, buddy!
              </span>
            </div>
            <div
              className="CasesList-casesListItemPrise-29"
            >
              Open for 
              <span>
                $34.20
              </span>
            </div>
            <div
              className="CasesList-casesListItemGame-30"
            >
              Case: 
              <span>
                CS:GO
              </span>
            </div>
            <div
              className="CasesList-casesListItemMarker-31"
            />
          </div>
          <div
            className="CasesList-casesListItem-26"
          >
            <div
              className="CasesList-casesListItemImg-27"
            >
              <img
                alt=""
                src="caseX.png"
              />
            </div>
            <div
              className="CasesList-casesListItemName-28"
            >
              Case: 
              <span>
                Hello, buddy!
              </span>
            </div>
            <div
              className="CasesList-casesListItemPrise-29"
            >
              Open for 
              <span>
                $34.20
              </span>
            </div>
            <div
              className="CasesList-casesListItemGame-30"
            >
              Case: 
              <span>
                CS:GO
              </span>
            </div>
            <div
              className="CasesList-casesListItemMarker-31"
            />
          </div>
          <div
            className="CasesList-casesListItem-26"
          >
            <div
              className="CasesList-casesListItemImg-27"
            >
              <img
                alt=""
                src="caseX.png"
              />
            </div>
            <div
              className="CasesList-casesListItemName-28"
            >
              Case: 
              <span>
                Hello, buddy!
              </span>
            </div>
            <div
              className="CasesList-casesListItemPrise-29"
            >
              Open for 
              <span>
                $34.20
              </span>
            </div>
            <div
              className="CasesList-casesListItemGame-30"
            >
              Case: 
              <span>
                CS:GO
              </span>
            </div>
            <div
              className="CasesList-casesListItemMarker-31"
            />
          </div>
          <div
            className="CasesList-casesListItem-26"
          >
            <div
              className="CasesList-casesListItemImg-27"
            >
              <img
                alt=""
                src="caseX.png"
              />
            </div>
            <div
              className="CasesList-casesListItemName-28"
            >
              Case: 
              <span>
                Hello, buddy!
              </span>
            </div>
            <div
              className="CasesList-casesListItemPrise-29"
            >
              Open for 
              <span>
                $34.20
              </span>
            </div>
            <div
              className="CasesList-casesListItemGame-30"
            >
              Case: 
              <span>
                CS:GO
              </span>
            </div>
            <div
              className="CasesList-casesListItemMarker-31"
            />
          </div>
        </div>
      </main>
    </div>
  </div>
  <footer
    className="Footer-root-32"
  >
    <ul
      className="Footer-footerNav-33"
    >
      <li>
        <a
          className="Footer-footerNavItem-34"
          href="/"
          onClick={[Function]}
        >
          Dashboard
        </a>
      </li>
      <li>
        <a
          className="Footer-footerNavItem-34"
          href="/"
          onClick={[Function]}
        >
          Wallet
        </a>
      </li>
      <li>
        <a
          className="Footer-footerNavItem-34"
          href="/"
          onClick={[Function]}
        >
          Shop
        </a>
      </li>
      <li>
        <a
          className="Footer-footerNavItem-34"
          href="/games"
          onClick={[Function]}
        >
          Games
        </a>
      </li>
      <li>
        <a
          className="Footer-footerNavItem-34"
          href="/"
          onClick={[Function]}
        >
          Friends
        </a>
      </li>
      <li>
        <a
          className="Footer-footerNavItem-34"
          href="/"
          onClick={[Function]}
        >
          Settings
        </a>
      </li>
    </ul>
    <span>
      Vault. All Rights Reserved 2018
    </span>
  </footer>
</div>
`;
