// Jest Snapshot v1, https://goo.gl/fbAQLP

exports[`renders correctly 1`] = `
<div
  className="Wallet-root-1"
>
  <div
    className="Wallet-wallet-2"
  >
    <div
      className="Wallet-walletTitle-3"
    >
      <p>
        My dcb wallet:
      </p>
    </div>
    <div
      className="Wallet-walletSum-4"
    >
      <a
        href="/"
      >
        00000
      </a>
    </div>
    <ul
      className="Wallet-walletNav-5"
    >
      <li>
        <a
          className="Wallet-walletNavItem-6"
          href="/"
        >
          Send Money
        </a>
      </li>
      <li>
        <a
          className="Wallet-walletNavItem-6"
          href="/"
        >
          Tranfer Money
        </a>
      </li>
      <li>
        <a
          className="Wallet-walletNavItem-6"
          href="/"
        >
          Invoice
        </a>
      </li>
      <li>
        <a
          className="Wallet-walletNavItem-6"
          href="/"
        >
          Cashout
        </a>
      </li>
    </ul>
  </div>
  <div
    className="Action-root-7"
  >
    <div
      className="Action-actionsStatistics-8"
    >
      <span
        className="Action-statisticsTitle-10"
      >
        Statistics
      </span>
      <div
        className={undefined}
      >
        <canvas
          height="90"
          id="cvs"
          width="200"
        >
          [No canvas support]
        </canvas>
      </div>
    </div>
    <div
      className="Action-actionsSend-11"
    >
      <form
        className="Action-form-9"
        onSubmit={[Function]}
      >
        <span
          className="Action-sendTitle-12"
        >
          Send now
        </span>
        <div
          className={undefined}
        >
          <input
            className="Action-sendAddressField-13"
            id={undefined}
            name={undefined}
            onBlur={[Function]}
            onChange={[Function]}
            onDragStart={[Function]}
            onDrop={[Function]}
            onFocus={[Function]}
            placeholder="Put address you want to send the money"
            type="text"
            value=""
          />
        </div>
        <div
          className={undefined}
        >
          <input
            className="Action-sendAmmountField-14"
            id={undefined}
            name={undefined}
            onBlur={[Function]}
            onChange={[Function]}
            onDragStart={[Function]}
            onDrop={[Function]}
            onFocus={[Function]}
            placeholder="Set ammount"
            type="text"
            value=""
          />
        </div>
        <button
          className="Action-sendBtn-16"
          type="submit"
        >
          Send money
        </button>
      </form>
    </div>
    <div
      className="Action-actionsInvoice-18"
    >
      <span
        className="Action-invoiceTitle-19"
      >
        Invoice
      </span>
      <div
        className={undefined}
      >
        <input
          className="Action-invoiceAmmountField-15"
          placeholder="Set ammount you need to receive"
          type="text"
        />
      </div>
      <a
        className="Action-invoiceBtn-17"
        href="/"
      >
        Generate link
      </a>
    </div>
  </div>
</div>
`;
