// Jest Snapshot v1, https://goo.gl/fbAQLP

exports[`renders correctly 1`] = `
<header
  className="HeaderMain-root-1"
>
  <div
    className="UserBlock-root-2"
  >
    <div
      className="UserBlock-demoTitle-10"
    >
      DEMO VERSION
    </div>
    <div
      className="UserBlock-user-3"
    >
      <div
        className="UserBlock-userBlock-4"
      >
        <p
          className="UserBlock-userHello-5"
        >
           Hello, Ben A 
          <br />
          <span
            className="UserBlock-userVerification-6"
          >
            KYC VERIFICATED
          </span>
        </p>
        <div
          className="UserBlock-userPhoto-7"
        >
          <img
            alt=""
            src="user.png"
          />
        </div>
        <p
          className="UserBlock-userBallance-8"
        >
           dcb
          <br />
          <span
            className="UserBlock-userBallDescr-9"
          >
            YOUR BALANCE
          </span>
        </p>
      </div>
    </div>
  </div>
</header>
`;
